> Task :buildSrc:checkKotlinGradlePluginConfigurationErrors
> Task :buildSrc:compileKotlin UP-TO-DATE
> Task :buildSrc:compileJava NO-SOURCE
> Task :buildSrc:compileGroovy NO-SOURCE
> Task :buildSrc:pluginDescriptors UP-TO-DATE
> Task :buildSrc:processResources NO-SOURCE
> Task :buildSrc:classes UP-TO-DATE
> Task :buildSrc:jar UP-TO-DATE
> Task :openpgp-api:preBuild UP-TO-DATE
> Task :TMessagesProj:checkKotlinGradlePluginConfigurationErrors SKIPPED
> Task :tonychat-core:preBuild UP-TO-DATE
> Task :tonychat-core:preReleaseBuild UP-TO-DATE
> Task :openpgp-api:preReleaseBuild UP-TO-DATE
> Task :TMessagesProj:objectboxPrepareBuild UP-TO-DATE
> Task :TMessagesProj:preBuild UP-TO-DATE
> Task :TMessagesProj:preReleaseBuild UP-TO-DATE
> Task :tonychat-core:writeReleaseAarMetadata UP-TO-DATE
> Task :TMessagesProj:generateReleaseBuildConfig UP-TO-DATE
> Task :tonychat-core:generateReleaseResValues UP-TO-DATE
> Task :TMessagesProj:generateReleaseResValues UP-TO-DATE
> Task :tonychat-core:generateReleaseResources UP-TO-DATE
> Task :openpgp-api:compileReleaseAidl UP-TO-DATE
> Task :openpgp-api:generateReleaseBuildConfig UP-TO-DATE
> Task :openpgp-api:generateReleaseResValues UP-TO-DATE
> Task :openpgp-api:generateReleaseResources UP-TO-DATE
> Task :tonychat-core:packageReleaseResources UP-TO-DATE
> Task :tonychat-core:extractDeepLinksRelease UP-TO-DATE
> Task :TMessagesProj:injectCrashlyticsMappingFileIdRelease
> Task :tonychat-core:processReleaseManifest UP-TO-DATE
> Task :openpgp-api:packageReleaseResources UP-TO-DATE
> Task :TMessagesProj:processReleaseGoogleServices UP-TO-DATE
> Task :openpgp-api:parseReleaseLocalResources UP-TO-DATE
> Task :openpgp-api:generateReleaseRFile UP-TO-DATE
> Task :tonychat-core:parseReleaseLocalResources UP-TO-DATE
> Task :openpgp-api:javaPreCompileRelease UP-TO-DATE
> Task :openpgp-api:compileReleaseJavaWithJavac UP-TO-DATE
> Task :openpgp-api:bundleLibCompileToJarRelease UP-TO-DATE
> Task :openpgp-api:writeReleaseAarMetadata UP-TO-DATE
> Task :openpgp-api:extractDeepLinksRelease UP-TO-DATE
> Task :openpgp-api:processReleaseManifest UP-TO-DATE
> Task :tonychat-core:generateReleaseRFile UP-TO-DATE
> Task :tonychat-core:checkKotlinGradlePluginConfigurationErrors SKIPPED
> Task :tonychat-core:generateReleaseBuildConfig UP-TO-DATE
> Task :tonychat-core:compileReleaseKotlin UP-TO-DATE
> Task :tonychat-core:javaPreCompileRelease UP-TO-DATE
> Task :tonychat-core:compileReleaseJavaWithJavac UP-TO-DATE
> Task :tonychat-core:bundleLibCompileToJarRelease UP-TO-DATE
> Task :TMessagesProj:mapReleaseSourceSetPaths UP-TO-DATE
> Task :TMessagesProj:checkReleaseAarMetadata UP-TO-DATE
> Task :TMessagesProj:generateReleaseResources UP-TO-DATE

> Task :TMessagesProj:mergeReleaseResources
/Users/pu/Documents/Playground/Tony Chat/android/TMessagesProj/src/main/res/values/strings_neko.xml:207:4: Multiple substitutions specified in non-positional format of string resource string/CloudConfigSyncDate. Did you mean to add the formatted="false" attribute?
/Users/pu/Documents/Playground/Tony Chat/android/TMessagesProj/src/main/res/values/strings.xml:10060:4: Multiple substitutions specified in non-positional format of string resource string/Gift2ActiveAuctionsActiveBidActive. Did you mean to add the formatted="false" attribute?
/Users/pu/Documents/Playground/Tony Chat/android/TMessagesProj/src/main/res/values/strings.xml:10055:4: Multiple substitutions specified in non-positional format of string resource string/Gift2ActiveAuctionsActiveRound. Did you mean to add the formatted="false" attribute?
/Users/pu/Documents/Playground/Tony Chat/android/TMessagesProj/src/main/res/values/strings.xml:8597:4: Multiple substitutions specified in non-positional format of string resource string/Gift2AuctionInfo2_one. Did you mean to add the formatted="false" attribute?
/Users/pu/Documents/Playground/Tony Chat/android/TMessagesProj/src/main/res/values/strings.xml:8598:4: Multiple substitutions specified in non-positional format of string resource string/Gift2AuctionInfo2_other. Did you mean to add the formatted="false" attribute?
/Users/pu/Documents/Playground/Tony Chat/android/TMessagesProj/src/main/res/values/strings.xml:8595:4: Multiple substitutions specified in non-positional format of string resource string/Gift2AuctionInfoLearnMore2_one. Did you mean to add the formatted="false" attribute?
/Users/pu/Documents/Playground/Tony Chat/android/TMessagesProj/src/main/res/values/strings.xml:8592:4: Multiple substitutions specified in non-positional format of string resource string/Gift2AuctionInfoLearnMore2_other. Did you mean to add the formatted="false" attribute?
/Users/pu/Documents/Playground/Tony Chat/android/TMessagesProj/src/main/res/values/strings.xml:8593:4: Multiple substitutions specified in non-positional format of string resource string/Gift2AuctionInfo_one. Did you mean to add the formatted="false" attribute?
/Users/pu/Documents/Playground/Tony Chat/android/TMessagesProj/src/main/res/values/strings.xml:8613:4: Multiple substitutions specified in non-positional format of string resource string/Gift2AuctionInfo_other. Did you mean to add the formatted="false" attribute?
/Users/pu/Documents/Playground/Tony Chat/android/TMessagesProj/src/main/res/values/strings.xml:10061:4: Multiple substitutions specified in non-positional format of string resource string/Gift2AuctionsChangeRecipient2. Did you mean to add the formatted="false" attribute?
/Users/pu/Documents/Playground/Tony Chat/android/TMessagesProj/src/main/res/values/strings.xml:8869:4: Multiple substitutions specified in non-positional format of string resource string/Gift2AveragePriceHint. Did you mean to add the formatted="false" attribute?
/Users/pu/Documents/Playground/Tony Chat/android/TMessagesProj/src/main/res/values/strings.xml:8761:4: Multiple substitutions specified in non-positional format of string resource string/Gift2InfoOutConverted_one. Did you mean to add the formatted="false" attribute?
/Users/pu/Documents/Playground/Tony Chat/android/TMessagesProj/src/main/res/values/strings.xml:8762:4: Multiple substitutions specified in non-positional format of string resource string/Gift2InfoOutConverted_other. Did you mean to add the formatted="false" attribute?
/Users/pu/Documents/Playground/Tony Chat/android/TMessagesProj/src/main/res/values/strings.xml:9922:4: Multiple substitutions specified in non-positional format of string resource string/GiftAuctionInfo1Text_one. Did you mean to add the formatted="false" attribute?
/Users/pu/Documents/Playground/Tony Chat/android/TMessagesProj/src/main/res/values/strings.xml:9923:4: Multiple substitutions specified in non-positional format of string resource string/GiftAuctionInfo1Text_other. Did you mean to add the formatted="false" attribute?
/Users/pu/Documents/Playground/Tony Chat/android/TMessagesProj/src/main/res/values/strings.xml:10129:4: Multiple substitutions specified in non-positional format of string resource string/GiftOfferPayMulti. Did you mean to add the formatted="false" attribute?
/Users/pu/Documents/Playground/Tony Chat/android/TMessagesProj/src/main/res/values/strings.xml:5723:4: Multiple substitutions specified in non-positional format of string resource string/NotificationTopicExceptionsDesctription_one. Did you mean to add the formatted="false" attribute?
/Users/pu/Documents/Playground/Tony Chat/android/TMessagesProj/src/main/res/values/strings.xml:1693:4: Multiple substitutions specified in non-positional format of string resource string/NotificationTopicExceptionsDesctription_other. Did you mean to add the formatted="false" attribute?
/Users/pu/Documents/Playground/Tony Chat/android/TMessagesProj/src/main/res/values/strings.xml:9802:4: Multiple substitutions specified in non-positional format of string resource string/StarRatingDescription1. Did you mean to add the formatted="false" attribute?
/Users/pu/Documents/Playground/Tony Chat/android/TMessagesProj/src/main/res/values-zh-rCN/strings_neko.xml:205:4: Multiple substitutions specified in non-positional format of string resource string/CloudConfigSyncDate. Did you mean to add the formatted="false" attribute?
/Users/pu/Documents/Playground/Tony Chat/android/TMessagesProj/src/main/res/values/strings.xml:9804:4: Multiple substitutions specified in non-positional format of string resource string/StarRatingDescription2. Did you mean to add the formatted="false" attribute?
/Users/pu/Documents/Playground/Tony Chat/android/TMessagesProj/src/main/res/values/strings.xml:9791:4: Multiple substitutions specified in non-positional format of string resource string/StarRatingDescription3. Did you mean to add the formatted="false" attribute?
/Users/pu/Documents/Playground/Tony Chat/android/TMessagesProj/src/main/res/values/strings.xml:6384:4: Multiple substitutions specified in non-positional format of string resource string/StoryAddedToAlbumTitle_one. Did you mean to add the formatted="false" attribute?
/Users/pu/Documents/Playground/Tony Chat/android/TMessagesProj/src/main/res/values/strings.xml:6404:4: Multiple substitutions specified in non-positional format of string resource string/StoryAddedToAlbumTitle_other. Did you mean to add the formatted="false" attribute?
/Users/pu/Documents/Playground/Tony Chat/android/TMessagesProj/src/main/res/values/strings.xml:6386:4: Multiple substitutions specified in non-positional format of string resource string/StoryRemovedFromAlbumTitle_one. Did you mean to add the formatted="false" attribute?
/Users/pu/Documents/Playground/Tony Chat/android/TMessagesProj/src/main/res/values/strings.xml:6405:4: Multiple substitutions specified in non-positional format of string resource string/StoryRemovedFromAlbumTitle_other. Did you mean to add the formatted="false" attribute?
/Users/pu/Documents/Playground/Tony Chat/android/TMessagesProj/src/main/res/values/strings.xml:9578:4: Multiple substitutions specified in non-positional format of string resource string/SuggestAPostBelowSubtitleStarsAndTime. Did you mean to add the formatted="false" attribute?
/Users/pu/Documents/Playground/Tony Chat/android/TMessagesProj/src/main/res/values/strings.xml:9588:4: Multiple substitutions specified in non-positional format of string resource string/SuggestionAgreementReachedAdmin1. Did you mean to add the formatted="false" attribute?
/Users/pu/Documents/Playground/Tony Chat/android/TMessagesProj/src/main/res/values/strings.xml:9587:4: Multiple substitutions specified in non-positional format of string resource string/SuggestionAgreementReachedAdmin1PastSimple. Did you mean to add the formatted="false" attribute?
/Users/pu/Documents/Playground/Tony Chat/android/TMessagesProj/src/main/res/values/strings.xml:9593:4: Multiple substitutions specified in non-positional format of string resource string/SuggestionAgreementReachedAdmin2. Did you mean to add the formatted="false" attribute?
/Users/pu/Documents/Playground/Tony Chat/android/TMessagesProj/src/main/res/values/strings.xml:9598:4: Multiple substitutions specified in non-positional format of string resource string/SuggestionAgreementReachedAdmin3Stars. Did you mean to add the formatted="false" attribute?
/Users/pu/Documents/Playground/Tony Chat/android/TMessagesProj/src/main/res/values/strings.xml:9595:4: Multiple substitutions specified in non-positional format of string resource string/SuggestionAgreementReachedAdmin3TON. Did you mean to add the formatted="false" attribute?
/Users/pu/Documents/Playground/Tony Chat/android/TMessagesProj/src/main/res/values/strings.xml:9600:4: Multiple substitutions specified in non-positional format of string resource string/SuggestionAgreementReachedAdmin4Stars. Did you mean to add the formatted="false" attribute?
/Users/pu/Documents/Playground/Tony Chat/android/TMessagesProj/src/main/res/values/strings.xml:9583:4: Multiple substitutions specified in non-positional format of string resource string/SuggestionAgreementReachedAdmin4TON. Did you mean to add the formatted="false" attribute?
/Users/pu/Documents/Playground/Tony Chat/android/TMessagesProj/src/main/res/values/strings.xml:9585:4: Multiple substitutions specified in non-positional format of string resource string/SuggestionAgreementReachedUser1. Did you mean to add the formatted="false" attribute?
/Users/pu/Documents/Playground/Tony Chat/android/TMessagesProj/src/main/res/values/strings.xml:9584:4: Multiple substitutions specified in non-positional format of string resource string/SuggestionAgreementReachedUser1PastSimple. Did you mean to add the formatted="false" attribute?
/Users/pu/Documents/Playground/Tony Chat/android/TMessagesProj/src/main/res/values/strings.xml:9597:4: Multiple substitutions specified in non-positional format of string resource string/SuggestionAgreementReachedUser3Stars. Did you mean to add the formatted="false" attribute?
/Users/pu/Documents/Playground/Tony Chat/android/TMessagesProj/src/main/res/values/strings.xml:9594:4: Multiple substitutions specified in non-positional format of string resource string/SuggestionAgreementReachedUser3TON. Did you mean to add the formatted="false" attribute?
/Users/pu/Documents/Playground/Tony Chat/android/TMessagesProj/src/main/res/values/strings.xml:9599:4: Multiple substitutions specified in non-positional format of string resource string/SuggestionAgreementReachedUser4Stars. Did you mean to add the formatted="false" attribute?
/Users/pu/Documents/Playground/Tony Chat/android/TMessagesProj/src/main/res/values/strings.xml:9537:4: Multiple substitutions specified in non-positional format of string resource string/SuggestionAgreementReachedUser4TON. Did you mean to add the formatted="false" attribute?
/Users/pu/Documents/Playground/Tony Chat/android/TMessagesProj/src/main/res/values/strings.xml:7063:4: Multiple substitutions specified in non-positional format of string resource string/UnconfirmedAuthMultipleFrom_one. Did you mean to add the formatted="false" attribute?
/Users/pu/Documents/Playground/Tony Chat/android/TMessagesProj/src/main/res/values/strings.xml:7060:4: Multiple substitutions specified in non-positional format of string resource string/UnconfirmedAuthMultipleFrom_other. Did you mean to add the formatted="false" attribute?

> Task :TMessagesProj:createReleaseCompatibleScreenManifests UP-TO-DATE
> Task :TMessagesProj:extractDeepLinksRelease UP-TO-DATE
> Task :TMessagesProj:processReleaseMainManifest UP-TO-DATE
> Task :TMessagesProj:releaseSentryGenerateIntegrationListTask UP-TO-DATE
> Task :TMessagesProj:processReleaseManifest UP-TO-DATE
> Task :TMessagesProj:processReleaseManifestForPackage UP-TO-DATE
> Task :TMessagesProj:javaPreCompileRelease UP-TO-DATE
warn: removing resource com.tonychat.messenger:string/AccDescrMuteMic without required default value.
warn: removing resource com.tonychat.messenger:string/AccDescrNumberOfViews_few without required default value.
warn: removing resource com.tonychat.messenger:string/AccDescrNumberOfViews_many without required default value.
warn: removing resource com.tonychat.messenger:string/AccDescrNumberOfViews_two without required default value.
warn: removing resource com.tonychat.messenger:string/AccDescrNumberOfViews_zero without required default value.
warn: removing resource com.tonychat.messenger:string/AccDescrPasscodeUnlock without required default value.
warn: removing resource com.tonychat.messenger:string/AccDescrSendAudio_few without required default value.
warn: removing resource com.tonychat.messenger:string/AccDescrSendAudio_many without required default value.
warn: removing resource com.tonychat.messenger:string/AccDescrSendAudio_two without required default value.
warn: removing resource com.tonychat.messenger:string/AccDescrSendAudio_zero without required default value.
warn: removing resource com.tonychat.messenger:string/AccDescrSendFiles_few without required default value.
warn: removing resource com.tonychat.messenger:string/AccDescrSendFiles_many without required default value.
warn: removing resource com.tonychat.messenger:string/AccDescrSendFiles_two without required default value.
warn: removing resource com.tonychat.messenger:string/AccDescrSendFiles_zero without required default value.
warn: removing resource com.tonychat.messenger:string/AccDescrSendPhotos_few without required default value.
warn: removing resource com.tonychat.messenger:string/AccDescrSendPhotos_many without required default value.
warn: removing resource com.tonychat.messenger:string/AccDescrSendPhotos_two without required default value.
warn: removing resource com.tonychat.messenger:string/AccDescrSendPhotos_zero without required default value.
warn: removing resource com.tonychat.messenger:string/AccDescrShareInChats_few without required default value.
warn: removing resource com.tonychat.messenger:string/AccDescrShareInChats_many without required default value.
warn: removing resource com.tonychat.messenger:string/AccDescrShareInChats_two without required default value.
warn: removing resource com.tonychat.messenger:string/AccDescrShareInChats_zero without required default value.
warn: removing resource com.tonychat.messenger:string/AccDescrTakeMorePics without required default value.
warn: removing resource com.tonychat.messenger:string/ActionCreatedInviteLink without required default value.
warn: removing resource com.tonychat.messenger:string/ActionCreatedInviteLinkClickable without required default value.
warn: removing resource com.tonychat.messenger:string/ActionDeletedInviteLink without required default value.
warn: removing resource com.tonychat.messenger:string/ActionEditedInviteLink without required default value.
warn: removing resource com.tonychat.messenger:string/ActionEditedInviteLinkToSame without required default value.
warn: removing resource com.tonychat.messenger:string/ActionGroupCallEnded without required default value.
warn: removing resource com.tonychat.messenger:string/ActionGroupCallJustStarted without required default value.
warn: removing resource com.tonychat.messenger:string/ActionRevokedInviteLink without required default value.
warn: removing resource com.tonychat.messenger:string/AddManyMembersAlertNamesText_few without required default value.
warn: removing resource com.tonychat.messenger:string/AddManyMembersAlertNamesText_two without required default value.
warn: removing resource com.tonychat.messenger:string/AddManyMembersAlertTitle_few without required default value.
warn: removing resource com.tonychat.messenger:string/AddManyMembersAlertTitle_many without required default value.
warn: removing resource com.tonychat.messenger:string/AddManyMembersAlertTitle_two without required default value.
warn: removing resource com.tonychat.messenger:string/AddMembersAlertCountText without required default value.
warn: removing resource com.tonychat.messenger:string/AddMembersAlertTitle without required default value.
warn: removing resource com.tonychat.messenger:string/AddOneMemberAlertTitle without required default value.
warn: removing resource com.tonychat.messenger:string/AddPeopleNearby without required default value.
warn: removing resource com.tonychat.messenger:string/AddRecipient without required default value.
warn: removing resource com.tonychat.messenger:string/AddToTheGroupTitle without required default value.
warn: removing resource com.tonychat.messenger:string/AllowReadCallAndSms without required default value.
warn: removing resource com.tonychat.messenger:string/AllowReadSms without required default value.
warn: removing resource com.tonychat.messenger:string/AlwaysAllowPlaceholder without required default value.
warn: removing resource com.tonychat.messenger:string/AlwaysShareWithPlaceholder without required default value.
warn: removing resource com.tonychat.messenger:string/AndMoreTypingGroup_few without required default value.
warn: removing resource com.tonychat.messenger:string/AndMoreTypingGroup_many without required default value.
warn: removing resource com.tonychat.messenger:string/AndMoreTypingGroup_two without required default value.
warn: removing resource com.tonychat.messenger:string/AndMoreTypingGroup_zero without required default value.
warn: removing resource com.tonychat.messenger:string/AndMoreTyping_few without required default value.
warn: removing resource com.tonychat.messenger:string/AndMoreTyping_many without required default value.
warn: removing resource com.tonychat.messenger:string/AndMoreTyping_two without required default value.
warn: removing resource com.tonychat.messenger:string/AndMoreTyping_zero without required default value.
warn: removing resource com.tonychat.messenger:string/AndOther_few without required default value.
warn: removing resource com.tonychat.messenger:string/AndOther_many without required default value.
warn: removing resource com.tonychat.messenger:string/AndOther_two without required default value.
warn: removing resource com.tonychat.messenger:string/AndOther_zero without required default value.
warn: removing resource com.tonychat.messenger:string/AnimatedStickers without required default value.
warn: removing resource com.tonychat.messenger:string/Answer_few without required default value.
warn: removing resource com.tonychat.messenger:string/Answer_many without required default value.
warn: removing resource com.tonychat.messenger:string/Answer_two without required default value.
warn: removing resource com.tonychat.messenger:string/Answer_zero without required default value.
warn: removing resource com.tonychat.messenger:string/Appearance without required default value.
warn: removing resource com.tonychat.messenger:string/AreYouSureBlockContact without required default value.
warn: removing resource com.tonychat.messenger:string/AreYouSureDeleteMessages without required default value.
warn: removing resource com.tonychat.messenger:string/AreYouSureDeleteThisChatWithGroup without required default value.
warn: removing resource com.tonychat.messenger:string/AttachBotsHelp without required default value.
warn: removing resource com.tonychat.messenger:string/AudioAutodownload without required default value.
warn: removing resource com.tonychat.messenger:string/AudioTitle without required default value.
warn: removing resource com.tonychat.messenger:string/AudiosSavedHint_few without required default value.
warn: removing resource com.tonychat.messenger:string/AudiosSavedHint_many without required default value.
warn: removing resource com.tonychat.messenger:string/AudiosSavedHint_two without required default value.
warn: removing resource com.tonychat.messenger:string/AudiosSavedHint_zero without required default value.
warn: removing resource com.tonychat.messenger:string/AuthAnotherClientTokenError without required default value.
warn: removing resource com.tonychat.messenger:string/AutoDeleteSetTimer without required default value.
warn: removing resource com.tonychat.messenger:string/AutoNightAutomatic without required default value.
warn: removing resource com.tonychat.messenger:string/AutoplayGifs without required default value.
warn: removing resource com.tonychat.messenger:string/AwayTo without required default value.
warn: removing resource com.tonychat.messenger:string/BackgroundBrightness without required default value.
warn: removing resource com.tonychat.messenger:string/BackgroundColor without required default value.
warn: removing resource com.tonychat.messenger:string/BackgroundColorPreviewLine1 without required default value.
warn: removing resource com.tonychat.messenger:string/BackgroundColorPreviewLine2 without required default value.
warn: removing resource com.tonychat.messenger:string/BackgroundHexColorCode without required default value.
warn: removing resource com.tonychat.messenger:string/BackgroundRestricted without required default value.
warn: removing resource com.tonychat.messenger:string/Bans_few without required default value.
warn: removing resource com.tonychat.messenger:string/Bans_many without required default value.
warn: removing resource com.tonychat.messenger:string/Bans_two without required default value.
warn: removing resource com.tonychat.messenger:string/Bans_zero without required default value.
warn: removing resource com.tonychat.messenger:string/BlockedUsersCount_few without required default value.
warn: removing resource com.tonychat.messenger:string/BlockedUsersCount_many without required default value.
warn: removing resource com.tonychat.messenger:string/BlockedUsersCount_two without required default value.
warn: removing resource com.tonychat.messenger:string/BlockedUsersCount_zero without required default value.
warn: removing resource com.tonychat.messenger:string/BotInvite without required default value.
warn: removing resource com.tonychat.messenger:string/BotStop without required default value.
warn: removing resource com.tonychat.messenger:string/BuiltInThemes without required default value.
warn: removing resource com.tonychat.messenger:string/CacheEmpty without required default value.
warn: removing resource com.tonychat.messenger:string/CanJoin_few without required default value.
warn: removing resource com.tonychat.messenger:string/CanJoin_many without required default value.
warn: removing resource com.tonychat.messenger:string/CanJoin_two without required default value.
warn: removing resource com.tonychat.messenger:string/CanJoin_zero without required default value.
warn: removing resource com.tonychat.messenger:string/CancelAccountResetInfo without required default value.
warn: removing resource com.tonychat.messenger:string/CancelForward without required default value.
warn: removing resource com.tonychat.messenger:string/CancelForwardMessage without required default value.
warn: removing resource com.tonychat.messenger:string/ChannelAddMembers without required default value.
warn: removing resource com.tonychat.messenger:string/ChannelAlertCreate without required default value.
warn: removing resource com.tonychat.messenger:string/ChannelDiscuss without required default value.
warn: removing resource com.tonychat.messenger:string/ChannelJoinTo without required default value.
warn: removing resource com.tonychat.messenger:string/ChannelMessageContact without required default value.
warn: removing resource com.tonychat.messenger:string/ChannelMessagePoll without required default value.
warn: removing resource com.tonychat.messenger:string/ChannelVerifiedWarning without required default value.
warn: removing resource com.tonychat.messenger:string/Channels_few without required default value.
warn: removing resource com.tonychat.messenger:string/Channels_many without required default value.
warn: removing resource com.tonychat.messenger:string/Channels_two without required default value.
warn: removing resource com.tonychat.messenger:string/Channels_zero without required default value.
warn: removing resource com.tonychat.messenger:string/Characters_few without required default value.
warn: removing resource com.tonychat.messenger:string/Characters_many without required default value.
warn: removing resource com.tonychat.messenger:string/Characters_two without required default value.
warn: removing resource com.tonychat.messenger:string/Characters_zero without required default value.
warn: removing resource com.tonychat.messenger:string/ChatCamera without required default value.
warn: removing resource com.tonychat.messenger:string/ChatSetLocation without required default value.
warn: removing resource com.tonychat.messenger:string/ChatSetLocationInfo without required default value.
warn: removing resource com.tonychat.messenger:string/ChatVideo without required default value.
warn: removing resource com.tonychat.messenger:string/ChatsException_few without required default value.
warn: removing resource com.tonychat.messenger:string/ChatsException_many without required default value.
warn: removing resource com.tonychat.messenger:string/ChatsException_two without required default value.
warn: removing resource com.tonychat.messenger:string/ChatsException_zero without required default value.
warn: removing resource com.tonychat.messenger:string/ChatsNearbyHeader without required default value.
warn: removing resource com.tonychat.messenger:string/ChatsSelectedClearCache_few without required default value.
warn: removing resource com.tonychat.messenger:string/ChatsSelectedClearCache_many without required default value.
warn: removing resource com.tonychat.messenger:string/ChatsSelectedClearCache_two without required default value.
warn: removing resource com.tonychat.messenger:string/ChatsSelectedClearCache_zero without required default value.
warn: removing resource com.tonychat.messenger:string/ChatsSelectedClear_few without required default value.
warn: removing resource com.tonychat.messenger:string/ChatsSelectedClear_many without required default value.
warn: removing resource com.tonychat.messenger:string/ChatsSelectedClear_two without required default value.
warn: removing resource com.tonychat.messenger:string/ChatsSelectedClear_zero without required default value.
warn: removing resource com.tonychat.messenger:string/ChatsSelected_few without required default value.
warn: removing resource com.tonychat.messenger:string/ChatsSelected_many without required default value.
warn: removing resource com.tonychat.messenger:string/ChatsSelected_two without required default value.
warn: removing resource com.tonychat.messenger:string/ChatsSelected_zero without required default value.
warn: removing resource com.tonychat.messenger:string/Chats_few without required default value.
warn: removing resource com.tonychat.messenger:string/Chats_many without required default value.
warn: removing resource com.tonychat.messenger:string/Chats_two without required default value.
warn: removing resource com.tonychat.messenger:string/Chats_zero without required default value.
warn: removing resource com.tonychat.messenger:string/ChooseFromYourStickers without required default value.
warn: removing resource com.tonychat.messenger:string/ChooseMapPreviewProvider without required default value.
warn: removing resource com.tonychat.messenger:string/ChooseStickerSetNotFound without required default value.
warn: removing resource com.tonychat.messenger:string/ChooseStickerSetNotFoundInfo without required default value.
warn: removing resource com.tonychat.messenger:string/ChooseStickerSetPlaceholder without required default value.
warn: removing resource com.tonychat.messenger:string/ChromeCustomTabs without required default value.
warn: removing resource com.tonychat.messenger:string/ChromeCustomTabsInfo without required default value.
warn: removing resource com.tonychat.messenger:string/ClearRecentEmoji without required default value.
warn: removing resource com.tonychat.messenger:string/ColorDark without required default value.
warn: removing resource com.tonychat.messenger:string/ColorPickerReset without required default value.
warn: removing resource com.tonychat.messenger:string/ColorPickerResetAll without required default value.
warn: removing resource com.tonychat.messenger:string/ColorSepia without required default value.
warn: removing resource com.tonychat.messenger:string/ColorThemes without required default value.
warn: removing resource com.tonychat.messenger:string/CommentsCount_few without required default value.
warn: removing resource com.tonychat.messenger:string/CommentsCount_many without required default value.
warn: removing resource com.tonychat.messenger:string/CommentsCount_two without required default value.
warn: removing resource com.tonychat.messenger:string/CommentsCount_zero without required default value.
warn: removing resource com.tonychat.messenger:string/CommentsNoNumber_few without required default value.
warn: removing resource com.tonychat.messenger:string/CommentsNoNumber_many without required default value.
warn: removing resource com.tonychat.messenger:string/CommentsNoNumber_two without required default value.
warn: removing resource com.tonychat.messenger:string/CommentsNoNumber_zero without required default value.
warn: removing resource com.tonychat.messenger:string/Comments_few without required default value.
warn: removing resource com.tonychat.messenger:string/Comments_many without required default value.
warn: removing resource com.tonychat.messenger:string/Comments_two without required default value.
warn: removing resource com.tonychat.messenger:string/Comments_zero without required default value.
warn: removing resource com.tonychat.messenger:string/CommonGroups_few without required default value.
warn: removing resource com.tonychat.messenger:string/CommonGroups_many without required default value.
warn: removing resource com.tonychat.messenger:string/CommonGroups_two without required default value.
warn: removing resource com.tonychat.messenger:string/CommonGroups_zero without required default value.
warn: removing resource com.tonychat.messenger:string/CompatibilityChat without required default value.
warn: removing resource com.tonychat.messenger:string/ConfirmDeleteCallLog without required default value.
warn: removing resource com.tonychat.messenger:string/ConnectingToProxyDisable without required default value.
warn: removing resource com.tonychat.messenger:string/ConnectingToProxyDisableAlert without required default value.
warn: removing resource com.tonychat.messenger:string/ConnectingToProxyTapToDisable without required default value.
warn: removing resource com.tonychat.messenger:string/ContactShare without required default value.
warn: removing resource com.tonychat.messenger:string/ConvertGroup without required default value.
warn: removing resource com.tonychat.messenger:string/ConvertGroupInfo without required default value.
warn: removing resource com.tonychat.messenger:string/ConvertGroupInfo2 without required default value.
warn: removing resource com.tonychat.messenger:string/ConvertGroupInfo3 without required default value.
warn: removing resource com.tonychat.messenger:string/ConvertGroupMenu without required default value.
warn: removing resource com.tonychat.messenger:string/CountOfResults_few without required default value.
warn: removing resource com.tonychat.messenger:string/CountOfResults_many without required default value.
warn: removing resource com.tonychat.messenger:string/CountOfResults_two without required default value.
warn: removing resource com.tonychat.messenger:string/CountOfResults_zero without required default value.
warn: removing resource com.tonychat.messenger:string/CreateNewLinkHelp without required default value.
warn: removing resource com.tonychat.messenger:string/CreateNewThemeInfo without required default value.
warn: removing resource com.tonychat.messenger:string/CustomThemes without required default value.
warn: removing resource com.tonychat.messenger:string/DaysBold_few without required default value.
warn: removing resource com.tonychat.messenger:string/DaysBold_many without required default value.
warn: removing resource com.tonychat.messenger:string/DaysBold_two without required default value.
warn: removing resource com.tonychat.messenger:string/DaysBold_zero without required default value.
warn: removing resource com.tonychat.messenger:string/DaysLeft_few without required default value.
warn: removing resource com.tonychat.messenger:string/DaysLeft_many without required default value.
warn: removing resource com.tonychat.messenger:string/DaysLeft_two without required default value.
warn: removing resource com.tonychat.messenger:string/DaysLeft_zero without required default value.
warn: removing resource com.tonychat.messenger:string/Days_few without required default value.
warn: removing resource com.tonychat.messenger:string/Days_many without required default value.
warn: removing resource com.tonychat.messenger:string/Days_two without required default value.
warn: removing resource com.tonychat.messenger:string/Days_zero without required default value.
warn: removing resource com.tonychat.messenger:string/DebugMenuDisablePauseMusic without required default value.
warn: removing resource com.tonychat.messenger:string/DebugMenuDisableSmoothKeyboard without required default value.
warn: removing resource com.tonychat.messenger:string/DebugMenuEnablePauseMusic without required default value.
warn: removing resource com.tonychat.messenger:string/DebugMenuEnableSmoothKeyboard without required default value.
warn: removing resource com.tonychat.messenger:string/DeleteAccountIfAwayFor without required default value.
warn: removing resource com.tonychat.messenger:string/DeleteAndStop without required default value.
warn: removing resource com.tonychat.messenger:string/DeleteBackground_few without required default value.
warn: removing resource com.tonychat.messenger:string/DeleteBackground_many without required default value.
warn: removing resource com.tonychat.messenger:string/DeleteBackground_two without required default value.
warn: removing resource com.tonychat.messenger:string/DeleteBackground_zero without required default value.
warn: removing resource com.tonychat.messenger:string/DeleteBanUser without required default value.
warn: removing resource com.tonychat.messenger:string/DeleteGif without required default value.
warn: removing resource com.tonychat.messenger:string/DeleteLocalization without required default value.
warn: removing resource com.tonychat.messenger:string/DeleteTheseChats without required default value.
warn: removing resource com.tonychat.messenger:string/Deletions_few without required default value.
warn: removing resource com.tonychat.messenger:string/Deletions_many without required default value.
warn: removing resource com.tonychat.messenger:string/Deletions_two without required default value.
warn: removing resource com.tonychat.messenger:string/Deletions_zero without required default value.
warn: removing resource com.tonychat.messenger:string/DeviceStorage without required default value.
warn: removing resource com.tonychat.messenger:string/DiceInfo without required default value.
warn: removing resource com.tonychat.messenger:string/DiscussionChannelGroupSetHelp without required default value.
warn: removing resource com.tonychat.messenger:string/DiscussionChannelHelp without required default value.
warn: removing resource com.tonychat.messenger:string/DocumentsTitle without required default value.
warn: removing resource com.tonychat.messenger:string/EmailPasswordConfirmText without required default value.
warn: removing resource com.tonychat.messenger:string/EmailPasswordConfirmText3 without required default value.
warn: removing resource com.tonychat.messenger:string/EmojiBigSize without required default value.
warn: removing resource com.tonychat.messenger:string/EmptyExceptions without required default value.
warn: removing resource com.tonychat.messenger:string/EnableProxyAlert without required default value.
warn: removing resource com.tonychat.messenger:string/EnableProxyAlert2 without required default value.
warn: removing resource com.tonychat.messenger:string/EnterCurrentPasscode without required default value.
warn: removing resource com.tonychat.messenger:string/EnterNewFirstPasscode without required default value.
warn: removing resource com.tonychat.messenger:string/EventLogEmpty without required default value.
warn: removing resource com.tonychat.messenger:string/EventLogEmptyChannel without required default value.
warn: removing resource com.tonychat.messenger:string/EventLogEmptySearch without required default value.
warn: removing resource com.tonychat.messenger:string/EventLogEmptyTextSearch without required default value.
warn: removing resource com.tonychat.messenger:string/Exception_few without required default value.
warn: removing resource com.tonychat.messenger:string/Exception_many without required default value.
warn: removing resource com.tonychat.messenger:string/Exception_two without required default value.
warn: removing resource com.tonychat.messenger:string/Exception_zero without required default value.
warn: removing resource com.tonychat.messenger:string/FeaturedStickersInfo without required default value.
warn: removing resource com.tonychat.messenger:string/FileSavedHint without required default value.
warn: removing resource com.tonychat.messenger:string/FilesSavedHint_few without required default value.
warn: removing resource com.tonychat.messenger:string/FilesSavedHint_many without required default value.
warn: removing resource com.tonychat.messenger:string/FilesSavedHint_one without required default value.
warn: removing resource com.tonychat.messenger:string/FilesSavedHint_other without required default value.
warn: removing resource com.tonychat.messenger:string/FilesSavedHint_two without required default value.
warn: removing resource com.tonychat.messenger:string/FilesSavedHint_zero without required default value.
warn: removing resource com.tonychat.messenger:string/Files_few without required default value.
warn: removing resource com.tonychat.messenger:string/Files_many without required default value.
warn: removing resource com.tonychat.messenger:string/Files_two without required default value.
warn: removing resource com.tonychat.messenger:string/Files_zero without required default value.
warn: removing resource com.tonychat.messenger:string/FilterAddException without required default value.
warn: removing resource com.tonychat.messenger:string/FilterExcludeArchived without required default value.
warn: removing resource com.tonychat.messenger:string/FilterExcludeMuted without required default value.
warn: removing resource com.tonychat.messenger:string/FilterExcludeRead without required default value.
warn: removing resource com.tonychat.messenger:string/FilterRemoveFromAlertFullText without required default value.
warn: removing resource com.tonychat.messenger:string/FilterSecretChats without required default value.
warn: removing resource com.tonychat.messenger:string/FilterShowMoreChats_few without required default value.
warn: removing resource com.tonychat.messenger:string/FilterShowMoreChats_many without required default value.
warn: removing resource com.tonychat.messenger:string/FilterShowMoreChats_two without required default value.
warn: removing resource com.tonychat.messenger:string/FilterShowMoreChats_zero without required default value.
warn: removing resource com.tonychat.messenger:string/FilterUnread without required default value.
warn: removing resource com.tonychat.messenger:string/FiltersSetup without required default value.
warn: removing resource com.tonychat.messenger:string/FiltersSetupPinAlert without required default value.
warn: removing resource com.tonychat.messenger:string/FingerprintHelp without required default value.
warn: removing resource com.tonychat.messenger:string/FingerprintInfo without required default value.
warn: removing resource com.tonychat.messenger:string/FingerprintNotRecognized without required default value.
warn: removing resource com.tonychat.messenger:string/ForwardedAudio_few without required default value.
warn: removing resource com.tonychat.messenger:string/ForwardedAudio_many without required default value.
warn: removing resource com.tonychat.messenger:string/ForwardedAudio_two without required default value.
warn: removing resource com.tonychat.messenger:string/ForwardedAudio_zero without required default value.
warn: removing resource com.tonychat.messenger:string/ForwardedContact_few without required default value.
warn: removing resource com.tonychat.messenger:string/ForwardedContact_many without required default value.
warn: removing resource com.tonychat.messenger:string/ForwardedContact_two without required default value.
warn: removing resource com.tonychat.messenger:string/ForwardedContact_zero without required default value.
warn: removing resource com.tonychat.messenger:string/ForwardedFile_few without required default value.
warn: removing resource com.tonychat.messenger:string/ForwardedFile_many without required default value.
warn: removing resource com.tonychat.messenger:string/ForwardedFile_two without required default value.
warn: removing resource com.tonychat.messenger:string/ForwardedFile_zero without required default value.
warn: removing resource com.tonychat.messenger:string/ForwardedLocation_few without required default value.
warn: removing resource com.tonychat.messenger:string/ForwardedLocation_many without required default value.
warn: removing resource com.tonychat.messenger:string/ForwardedLocation_two without required default value.
warn: removing resource com.tonychat.messenger:string/ForwardedLocation_zero without required default value.
warn: removing resource com.tonychat.messenger:string/ForwardedMessage without required default value.
warn: removing resource com.tonychat.messenger:string/ForwardedMessageCount_few without required default value.
warn: removing resource com.tonychat.messenger:string/ForwardedMessageCount_many without required default value.
warn: removing resource com.tonychat.messenger:string/ForwardedMessageCount_two without required default value.
warn: removing resource com.tonychat.messenger:string/ForwardedMessageCount_zero without required default value.
warn: removing resource com.tonychat.messenger:string/ForwardedMusic_few without required default value.
warn: removing resource com.tonychat.messenger:string/ForwardedMusic_many without required default value.
warn: removing resource com.tonychat.messenger:string/ForwardedMusic_two without required default value.
warn: removing resource com.tonychat.messenger:string/ForwardedMusic_zero without required default value.
warn: removing resource com.tonychat.messenger:string/ForwardedPhoto_few without required default value.
warn: removing resource com.tonychat.messenger:string/ForwardedPhoto_many without required default value.
warn: removing resource com.tonychat.messenger:string/ForwardedPhoto_two without required default value.
warn: removing resource com.tonychat.messenger:string/ForwardedPhoto_zero without required default value.
warn: removing resource com.tonychat.messenger:string/ForwardedPoll_few without required default value.
warn: removing resource com.tonychat.messenger:string/ForwardedPoll_many without required default value.
warn: removing resource com.tonychat.messenger:string/ForwardedPoll_two without required default value.
warn: removing resource com.tonychat.messenger:string/ForwardedPoll_zero without required default value.
warn: removing resource com.tonychat.messenger:string/ForwardedRound_few without required default value.
warn: removing resource com.tonychat.messenger:string/ForwardedRound_many without required default value.
warn: removing resource com.tonychat.messenger:string/ForwardedRound_two without required default value.
warn: removing resource com.tonychat.messenger:string/ForwardedRound_zero without required default value.
warn: removing resource com.tonychat.messenger:string/ForwardedSticker_few without required default value.
warn: removing resource com.tonychat.messenger:string/ForwardedSticker_many without required default value.
warn: removing resource com.tonychat.messenger:string/ForwardedSticker_two without required default value.
warn: removing resource com.tonychat.messenger:string/ForwardedSticker_zero without required default value.
warn: removing resource com.tonychat.messenger:string/ForwardedVideo_few without required default value.
warn: removing resource com.tonychat.messenger:string/ForwardedVideo_many without required default value.
warn: removing resource com.tonychat.messenger:string/ForwardedVideo_two without required default value.
warn: removing resource com.tonychat.messenger:string/ForwardedVideo_zero without required default value.
warn: removing resource com.tonychat.messenger:string/FromCamera without required default value.
warn: removing resource com.tonychat.messenger:string/FromChats_few without required default value.
warn: removing resource com.tonychat.messenger:string/FromChats_many without required default value.
warn: removing resource com.tonychat.messenger:string/FromChats_two without required default value.
warn: removing resource com.tonychat.messenger:string/FromChats_zero without required default value.
warn: removing resource com.tonychat.messenger:string/FromGalley without required default value.
warn: removing resource com.tonychat.messenger:string/FwdMessageToChats without required default value.
warn: removing resource com.tonychat.messenger:string/FwdMessagesToChats without required default value.
warn: removing resource com.tonychat.messenger:string/GIFs_few without required default value.
warn: removing resource com.tonychat.messenger:string/GIFs_many without required default value.
warn: removing resource com.tonychat.messenger:string/GIFs_two without required default value.
warn: removing resource com.tonychat.messenger:string/GIFs_zero without required default value.
warn: removing resource com.tonychat.messenger:string/GifCaption without required default value.
warn: removing resource com.tonychat.messenger:string/GifSavedToDownloadsHint without required default value.
warn: removing resource com.tonychat.messenger:string/GifsTab without required default value.
warn: removing resource com.tonychat.messenger:string/GpsDisabledAlert without required default value.
warn: removing resource com.tonychat.messenger:string/GpsDisabledAlertTitle without required default value.
warn: removing resource com.tonychat.messenger:string/GroupNotifications without required default value.
warn: removing resource com.tonychat.messenger:string/GroupPhotosHelp without required default value.
warn: removing resource com.tonychat.messenger:string/GroupsAndChannels without required default value.
warn: removing resource com.tonychat.messenger:string/GroupsInCommon without required default value.
warn: removing resource com.tonychat.messenger:string/GroupsInCommonTitle without required default value.
warn: removing resource com.tonychat.messenger:string/Groups_few without required default value.
warn: removing resource com.tonychat.messenger:string/Groups_many without required default value.
warn: removing resource com.tonychat.messenger:string/Groups_two without required default value.
warn: removing resource com.tonychat.messenger:string/Groups_zero without required default value.
warn: removing resource com.tonychat.messenger:string/HideDeviceInfo without required default value.
warn: removing resource com.tonychat.messenger:string/HideDeviceInfoOff without required default value.
warn: removing resource com.tonychat.messenger:string/HideDeviceInfoOn without required default value.
warn: removing resource com.tonychat.messenger:string/HoursBold_few without required default value.
warn: removing resource com.tonychat.messenger:string/HoursBold_many without required default value.
warn: removing resource com.tonychat.messenger:string/HoursBold_two without required default value.
warn: removing resource com.tonychat.messenger:string/HoursBold_zero without required default value.
warn: removing resource com.tonychat.messenger:string/Hours_few without required default value.
warn: removing resource com.tonychat.messenger:string/Hours_many without required default value.
warn: removing resource com.tonychat.messenger:string/Hours_two without required default value.
warn: removing resource com.tonychat.messenger:string/Hours_zero without required default value.
warn: removing resource com.tonychat.messenger:string/ImagesTab without required default value.
warn: removing resource com.tonychat.messenger:string/InstantViewNightMode without required default value.
warn: removing resource com.tonychat.messenger:string/InteractionsChartTitle without required default value.
warn: removing resource com.tonychat.messenger:string/Invitations_few without required default value.
warn: removing resource com.tonychat.messenger:string/Invitations_many without required default value.
warn: removing resource com.tonychat.messenger:string/Invitations_two without required default value.
warn: removing resource com.tonychat.messenger:string/Invitations_zero without required default value.
warn: removing resource com.tonychat.messenger:string/InviteLinkCount_few without required default value.
warn: removing resource com.tonychat.messenger:string/InviteLinkCount_many without required default value.
warn: removing resource com.tonychat.messenger:string/InviteLinkCount_two without required default value.
warn: removing resource com.tonychat.messenger:string/InviteLinkCount_zero without required default value.
warn: removing resource com.tonychat.messenger:string/InviteTextNum_few without required default value.
warn: removing resource com.tonychat.messenger:string/InviteTextNum_many without required default value.
warn: removing resource com.tonychat.messenger:string/InviteTextNum_two without required default value.
warn: removing resource com.tonychat.messenger:string/InviteTextNum_zero without required default value.
warn: removing resource com.tonychat.messenger:string/JoinGroup without required default value.
warn: removing resource com.tonychat.messenger:string/KMetersAway without required default value.
warn: removing resource com.tonychat.messenger:string/KeepMediaInfo without required default value.
warn: removing resource com.tonychat.messenger:string/KickFromSupergroup without required default value.
warn: removing resource com.tonychat.messenger:string/Km without required default value.
warn: removing resource com.tonychat.messenger:string/LanguageUnofficial without required default value.
warn: removing resource com.tonychat.messenger:string/Languages_few without required default value.
warn: removing resource com.tonychat.messenger:string/Languages_many without required default value.
warn: removing resource com.tonychat.messenger:string/Languages_two without required default value.
warn: removing resource com.tonychat.messenger:string/Languages_zero without required default value.
warn: removing resource com.tonychat.messenger:string/Later without required default value.
warn: removing resource com.tonychat.messenger:string/LinksTitle without required default value.
warn: removing resource com.tonychat.messenger:string/Links_few without required default value.
warn: removing resource com.tonychat.messenger:string/Links_many without required default value.
warn: removing resource com.tonychat.messenger:string/Links_two without required default value.
warn: removing resource com.tonychat.messenger:string/Links_zero without required default value.
warn: removing resource com.tonychat.messenger:string/LocalCache without required default value.
warn: removing resource com.tonychat.messenger:string/LocalDatabaseClear without required default value.
warn: removing resource com.tonychat.messenger:string/LocalGifCache without required default value.
warn: removing resource com.tonychat.messenger:string/LocationNotifiationButton without required default value.
warn: removing resource com.tonychat.messenger:string/LowDiskSpaceNeverRemove without required default value.
warn: removing resource com.tonychat.messenger:string/LowDiskSpaceTitle2 without required default value.
warn: removing resource com.tonychat.messenger:string/MakeAdmin without required default value.
warn: removing resource com.tonychat.messenger:string/MakeMyselfVisible without required default value.
warn: removing resource com.tonychat.messenger:string/MakeMyselfVisibleInfo without required default value.
warn: removing resource com.tonychat.messenger:string/MakeMyselfVisibleTitle without required default value.
warn: removing resource com.tonychat.messenger:string/ManageChannel without required default value.
warn: removing resource com.tonychat.messenger:string/ManageChannelMenu without required default value.
warn: removing resource com.tonychat.messenger:string/ManageGroupMenu without required default value.
warn: removing resource com.tonychat.messenger:string/MasksCount_few without required default value.
warn: removing resource com.tonychat.messenger:string/MasksCount_many without required default value.
warn: removing resource com.tonychat.messenger:string/MasksCount_two without required default value.
warn: removing resource com.tonychat.messenger:string/MasksCount_zero without required default value.
warn: removing resource com.tonychat.messenger:string/MediaSavedHint_few without required default value.
warn: removing resource com.tonychat.messenger:string/MediaSavedHint_many without required default value.
warn: removing resource com.tonychat.messenger:string/MediaSavedHint_two without required default value.
warn: removing resource com.tonychat.messenger:string/MediaSavedHint_zero without required default value.
warn: removing resource com.tonychat.messenger:string/MediaSelected_few without required default value.
warn: removing resource com.tonychat.messenger:string/MediaSelected_many without required default value.
warn: removing resource com.tonychat.messenger:string/MediaSelected_two without required default value.
warn: removing resource com.tonychat.messenger:string/MediaSelected_zero without required default value.
warn: removing resource com.tonychat.messenger:string/Media_few without required default value.
warn: removing resource com.tonychat.messenger:string/Media_many without required default value.
warn: removing resource com.tonychat.messenger:string/Media_two without required default value.
warn: removing resource com.tonychat.messenger:string/Media_zero without required default value.
warn: removing resource com.tonychat.messenger:string/MegaDeleteAlert without required default value.
warn: removing resource com.tonychat.messenger:string/MegaDeleteInfo without required default value.
warn: removing resource com.tonychat.messenger:string/MembersCount without required default value.
warn: removing resource com.tonychat.messenger:string/MembersCountSelected_few without required default value.
warn: removing resource com.tonychat.messenger:string/MembersCountSelected_many without required default value.
warn: removing resource com.tonychat.messenger:string/MembersCountSelected_two without required default value.
warn: removing resource com.tonychat.messenger:string/MembersCountSelected_zero without required default value.
warn: removing resource com.tonychat.messenger:string/MembersTalking_few without required default value.
warn: removing resource com.tonychat.messenger:string/MembersTalking_many without required default value.
warn: removing resource com.tonychat.messenger:string/MembersTalking_two without required default value.
warn: removing resource com.tonychat.messenger:string/MembersTalking_zero without required default value.
warn: removing resource com.tonychat.messenger:string/Members_few without required default value.
warn: removing resource com.tonychat.messenger:string/Members_many without required default value.
warn: removing resource com.tonychat.messenger:string/Members_two without required default value.
warn: removing resource com.tonychat.messenger:string/Members_zero without required default value.
warn: removing resource com.tonychat.messenger:string/MessageLifetimePhoto without required default value.
warn: removing resource com.tonychat.messenger:string/MessageLifetimeVideo without required default value.
warn: removing resource com.tonychat.messenger:string/MessageNotifications without required default value.
warn: removing resource com.tonychat.messenger:string/MessagesDeletedHint_few without required default value.
warn: removing resource com.tonychat.messenger:string/MessagesDeletedHint_many without required default value.
warn: removing resource com.tonychat.messenger:string/MessagesDeletedHint_two without required default value.
warn: removing resource com.tonychat.messenger:string/MessagesDeletedHint_zero without required default value.
warn: removing resource com.tonychat.messenger:string/MessagesUnpinned_few without required default value.
warn: removing resource com.tonychat.messenger:string/MessagesUnpinned_many without required default value.
warn: removing resource com.tonychat.messenger:string/MessagesUnpinned_two without required default value.
warn: removing resource com.tonychat.messenger:string/MessagesUnpinned_zero without required default value.
warn: removing resource com.tonychat.messenger:string/MetersAway without required default value.
warn: removing resource com.tonychat.messenger:string/Meters_few without required default value.
warn: removing resource com.tonychat.messenger:string/Meters_many without required default value.
warn: removing resource com.tonychat.messenger:string/Meters_two without required default value.
warn: removing resource com.tonychat.messenger:string/Meters_zero without required default value.
warn: removing resource com.tonychat.messenger:string/Mi without required default value.
warn: removing resource com.tonychat.messenger:string/MinutesBold_few without required default value.
warn: removing resource com.tonychat.messenger:string/MinutesBold_many without required default value.
warn: removing resource com.tonychat.messenger:string/MinutesBold_two without required default value.
warn: removing resource com.tonychat.messenger:string/MinutesBold_zero without required default value.
warn: removing resource com.tonychat.messenger:string/Minutes_few without required default value.
warn: removing resource com.tonychat.messenger:string/Minutes_many without required default value.
warn: removing resource com.tonychat.messenger:string/Minutes_two without required default value.
warn: removing resource com.tonychat.messenger:string/Minutes_zero without required default value.
warn: removing resource com.tonychat.messenger:string/MobileUsage without required default value.
warn: removing resource com.tonychat.messenger:string/Months_few without required default value.
warn: removing resource com.tonychat.messenger:string/Months_many without required default value.
warn: removing resource com.tonychat.messenger:string/Months_two without required default value.
warn: removing resource com.tonychat.messenger:string/Months_zero without required default value.
warn: removing resource com.tonychat.messenger:string/MusicFiles_few without required default value.
warn: removing resource com.tonychat.messenger:string/MusicFiles_many without required default value.
warn: removing resource com.tonychat.messenger:string/MusicFiles_two without required default value.
warn: removing resource com.tonychat.messenger:string/MusicFiles_zero without required default value.
warn: removing resource com.tonychat.messenger:string/NearbyCreateGroup without required default value.
warn: removing resource com.tonychat.messenger:string/NearbyCreateGroupInfo without required default value.
warn: removing resource com.tonychat.messenger:string/NearbyCreateGroupInfo2 without required default value.
warn: removing resource com.tonychat.messenger:string/NearbyPeopleGreetingsDescription without required default value.
warn: removing resource com.tonychat.messenger:string/NearbyPeopleGreetingsMessage without required default value.
warn: removing resource com.tonychat.messenger:string/NearbyPlaces without required default value.
warn: removing resource com.tonychat.messenger:string/NearbyStartGroup without required default value.
warn: removing resource com.tonychat.messenger:string/NetworkUsageMobile without required default value.
warn: removing resource com.tonychat.messenger:string/NetworkUsageRoaming without required default value.
warn: removing resource com.tonychat.messenger:string/NetworkUsageWiFi without required default value.
warn: removing resource com.tonychat.messenger:string/NeverAllowPlaceholder without required default value.
warn: removing resource com.tonychat.messenger:string/NeverShareWithPlaceholder without required default value.
warn: removing resource com.tonychat.messenger:string/NewMessages_few without required default value.
warn: removing resource com.tonychat.messenger:string/NewMessages_many without required default value.
warn: removing resource com.tonychat.messenger:string/NewMessages_two without required default value.
warn: removing resource com.tonychat.messenger:string/NewMessages_zero without required default value.
warn: removing resource com.tonychat.messenger:string/NewThemePreviewLine2 without required default value.
warn: removing resource com.tonychat.messenger:string/NoAudio without required default value.
warn: removing resource com.tonychat.messenger:string/NoBlockedChannel without required default value.
warn: removing resource com.tonychat.messenger:string/NoBlockedGroup without required default value.
warn: removing resource com.tonychat.messenger:string/NoBlockedUsers without required default value.
warn: removing resource com.tonychat.messenger:string/NoCallLog without required default value.
warn: removing resource com.tonychat.messenger:string/NoContactsYet without required default value.
warn: removing resource com.tonychat.messenger:string/NoContactsYetLine1 without required default value.
warn: removing resource com.tonychat.messenger:string/NoContactsYetLine2 without required default value.
warn: removing resource com.tonychat.messenger:string/NoContactsYetLine3 without required default value.
warn: removing resource com.tonychat.messenger:string/NoFilesFound without required default value.
warn: removing resource com.tonychat.messenger:string/NoMasks without required default value.
warn: removing resource com.tonychat.messenger:string/NoOtherSessions without required default value.
warn: removing resource com.tonychat.messenger:string/NoOtherSessionsInfo without required default value.
warn: removing resource com.tonychat.messenger:string/NoOtherWebSessions without required default value.
warn: removing resource com.tonychat.messenger:string/NoOtherWebSessionsInfo without required default value.
warn: removing resource com.tonychat.messenger:string/NoRecentGIFs without required default value.
warn: removing resource com.tonychat.messenger:string/NoRecentPhotos without required default value.
warn: removing resource com.tonychat.messenger:string/NotMounted without required default value.
warn: removing resource com.tonychat.messenger:string/NotificationActionPinnedContact without required default value.
warn: removing resource com.tonychat.messenger:string/NotificationActionPinnedContactChannel without required default value.
warn: removing resource com.tonychat.messenger:string/NotificationActionPinnedPoll without required default value.
warn: removing resource com.tonychat.messenger:string/NotificationActionPinnedPollChannel without required default value.
warn: removing resource com.tonychat.messenger:string/NotificationMessageContact without required default value.
warn: removing resource com.tonychat.messenger:string/NotificationMessageGroupContact without required default value.
warn: removing resource com.tonychat.messenger:string/NotificationMessageGroupPoll without required default value.
warn: removing resource com.tonychat.messenger:string/NotificationMessagePoll without required default value.
warn: removing resource com.tonychat.messenger:string/NotificationsDefaultOff without required default value.
warn: removing resource com.tonychat.messenger:string/NotificationsDefaultOn without required default value.
warn: removing resource com.tonychat.messenger:string/NotificationsEnableCustom without required default value.
warn: removing resource com.tonychat.messenger:string/NotificationsForChannels without required default value.
warn: removing resource com.tonychat.messenger:string/NotificationsForGroups without required default value.
warn: removing resource com.tonychat.messenger:string/NotificationsForPrivateChats without required default value.
warn: removing resource com.tonychat.messenger:string/NotificationsPriority without required default value.
warn: removing resource com.tonychat.messenger:string/NotificationsPriorityDefault without required default value.
warn: removing resource com.tonychat.messenger:string/NotificationsPriorityMax without required default value.
warn: removing resource com.tonychat.messenger:string/OfCounted without required default value.
warn: removing resource com.tonychat.messenger:string/OnlineCount_few without required default value.
warn: removing resource com.tonychat.messenger:string/OnlineCount_many without required default value.
warn: removing resource com.tonychat.messenger:string/OnlineCount_two without required default value.
warn: removing resource com.tonychat.messenger:string/OnlineCount_zero without required default value.
warn: removing resource com.tonychat.messenger:string/OpenUrlAlert without required default value.
warn: removing resource com.tonychat.messenger:string/Option_few without required default value.
warn: removing resource com.tonychat.messenger:string/Option_many without required default value.
warn: removing resource com.tonychat.messenger:string/Option_two without required default value.
warn: removing resource com.tonychat.messenger:string/Option_zero without required default value.
warn: removing resource com.tonychat.messenger:string/PaintFramed without required default value.
warn: removing resource com.tonychat.messenger:string/PaintMarker without required default value.
warn: removing resource com.tonychat.messenger:string/PaintNeon without required default value.
warn: removing resource com.tonychat.messenger:string/PaintOutlined without required default value.
warn: removing resource com.tonychat.messenger:string/PaintPen without required default value.
warn: removing resource com.tonychat.messenger:string/PaintRegular without required default value.
warn: removing resource com.tonychat.messenger:string/Participants_few without required default value.
warn: removing resource com.tonychat.messenger:string/Participants_many without required default value.
warn: removing resource com.tonychat.messenger:string/Participants_two without required default value.
warn: removing resource com.tonychat.messenger:string/Participants_zero without required default value.
warn: removing resource com.tonychat.messenger:string/PasscodeDoNotMatch without required default value.
warn: removing resource com.tonychat.messenger:string/PasscodePIN without required default value.
warn: removing resource com.tonychat.messenger:string/PasscodePassword without required default value.
warn: removing resource com.tonychat.messenger:string/PassportCorrectErrors without required default value.
warn: removing resource com.tonychat.messenger:string/PassportInfo without required default value.
warn: removing resource com.tonychat.messenger:string/PassportSDK_Cancel without required default value.
warn: removing resource com.tonychat.messenger:string/PassportSDK_DownloadTelegram without required default value.
warn: removing resource com.tonychat.messenger:string/PassportSDK_LogInWithTelegram without required default value.
warn: removing resource com.tonychat.messenger:string/PassportSDK_OpenGooglePlay without required default value.
warn: removing resource com.tonychat.messenger:string/PassportSDK_TelegramPassport without required default value.
warn: removing resource com.tonychat.messenger:string/PaymentTransactionMessage without required default value.
warn: removing resource com.tonychat.messenger:string/PendingEmailText without required default value.
warn: removing resource com.tonychat.messenger:string/PeopleCanJoinViaLink without required default value.
warn: removing resource com.tonychat.messenger:string/PeopleCanJoinViaLinkCount_few without required default value.
warn: removing resource com.tonychat.messenger:string/PeopleCanJoinViaLinkCount_many without required default value.
warn: removing resource com.tonychat.messenger:string/PeopleCanJoinViaLinkCount_two without required default value.
warn: removing resource com.tonychat.messenger:string/PeopleCanJoinViaLinkCount_zero without required default value.
warn: removing resource com.tonychat.messenger:string/PeopleJoinedRemaining_few without required default value.
warn: removing resource com.tonychat.messenger:string/PeopleJoinedRemaining_many without required default value.
warn: removing resource com.tonychat.messenger:string/PeopleJoinedRemaining_two without required default value.
warn: removing resource com.tonychat.messenger:string/PeopleJoinedRemaining_zero without required default value.
warn: removing resource com.tonychat.messenger:string/PeopleJoined_few without required default value.
warn: removing resource com.tonychat.messenger:string/PeopleJoined_many without required default value.
warn: removing resource com.tonychat.messenger:string/PeopleJoined_two without required default value.
warn: removing resource com.tonychat.messenger:string/PeopleJoined_zero without required default value.
warn: removing resource com.tonychat.messenger:string/PeopleNearby without required default value.
warn: removing resource com.tonychat.messenger:string/PeopleNearbyAccessInfo without required default value.
warn: removing resource com.tonychat.messenger:string/PeopleNearbyAllowAccess without required default value.
warn: removing resource com.tonychat.messenger:string/PeopleNearbyEmpty without required default value.
warn: removing resource com.tonychat.messenger:string/PeopleNearbyGps without required default value.
warn: removing resource com.tonychat.messenger:string/PeopleNearbyGpsInfo without required default value.
warn: removing resource com.tonychat.messenger:string/PeopleNearbyHeader without required default value.
warn: removing resource com.tonychat.messenger:string/PeopleNearbyInfo without required default value.
warn: removing resource com.tonychat.messenger:string/PeopleNearbyInfo2 without required default value.
warn: removing resource com.tonychat.messenger:string/PermissionContacts without required default value.
warn: removing resource com.tonychat.messenger:string/PermissionNoAudio without required default value.
warn: removing resource com.tonychat.messenger:string/PermissionNoAudioVideo without required default value.
warn: removing resource com.tonychat.messenger:string/PermissionNoCamera without required default value.
warn: removing resource com.tonychat.messenger:string/PermissionNoLocationPosition without required default value.
warn: removing resource com.tonychat.messenger:string/PermissionStorage without required default value.
warn: removing resource com.tonychat.messenger:string/PhoneNumberChange without required default value.
warn: removing resource com.tonychat.messenger:string/PhotoCaption without required default value.
warn: removing resource com.tonychat.messenger:string/PhotoSavedToDownloadsHint without required default value.
warn: removing resource com.tonychat.messenger:string/PhotosSavedHint_few without required default value.
warn: removing resource com.tonychat.messenger:string/PhotosSavedHint_many without required default value.
warn: removing resource com.tonychat.messenger:string/PhotosSavedHint_two without required default value.
warn: removing resource com.tonychat.messenger:string/PhotosSavedHint_zero without required default value.
warn: removing resource com.tonychat.messenger:string/PhotosSelected_few without required default value.
warn: removing resource com.tonychat.messenger:string/PhotosSelected_many without required default value.
warn: removing resource com.tonychat.messenger:string/PhotosSelected_two without required default value.
warn: removing resource com.tonychat.messenger:string/PhotosSelected_zero without required default value.
warn: removing resource com.tonychat.messenger:string/Photos_few without required default value.
warn: removing resource com.tonychat.messenger:string/Photos_many without required default value.
warn: removing resource com.tonychat.messenger:string/Photos_two without required default value.
warn: removing resource com.tonychat.messenger:string/Photos_zero without required default value.
warn: removing resource com.tonychat.messenger:string/PinToTopLimitReached without required default value.
warn: removing resource com.tonychat.messenger:string/PinToTopLimitReached2 without required default value.
warn: removing resource com.tonychat.messenger:string/PinnedMessagesCount_few without required default value.
warn: removing resource com.tonychat.messenger:string/PinnedMessagesCount_many without required default value.
warn: removing resource com.tonychat.messenger:string/PinnedMessagesCount_two without required default value.
warn: removing resource com.tonychat.messenger:string/PinnedMessagesCount_zero without required default value.
warn: removing resource com.tonychat.messenger:string/PinnedPoll without required default value.
warn: removing resource com.tonychat.messenger:string/PleaseEnterFirstPassword without required default value.
warn: removing resource com.tonychat.messenger:string/PleaseEnterPassword without required default value.
warn: removing resource com.tonychat.messenger:string/Points_few without required default value.
warn: removing resource com.tonychat.messenger:string/Points_many without required default value.
warn: removing resource com.tonychat.messenger:string/Points_two without required default value.
warn: removing resource com.tonychat.messenger:string/Points_zero without required default value.
warn: removing resource com.tonychat.messenger:string/PollOptions without required default value.
warn: removing resource com.tonychat.messenger:string/PreviewFeedback without required default value.
warn: removing resource com.tonychat.messenger:string/PrivacyAdvanced without required default value.
warn: removing resource com.tonychat.messenger:string/PrivacyCallsP2PTitle without required default value.
warn: removing resource com.tonychat.messenger:string/PrivacyPayments without required default value.
warn: removing resource com.tonychat.messenger:string/PrivacyPaymentsClearInfo without required default value.
warn: removing resource com.tonychat.messenger:string/PrivacyProfilePhotoInfo2 without required default value.
warn: removing resource com.tonychat.messenger:string/ProviderTelegram without required default value.
warn: removing resource com.tonychat.messenger:string/PsaInfo_covid without required default value.
warn: removing resource com.tonychat.messenger:string/PsaMessageInfo_covid without required default value.
warn: removing resource com.tonychat.messenger:string/PsaMessage_covid without required default value.
warn: removing resource com.tonychat.messenger:string/PsaType_covid without required default value.
warn: removing resource com.tonychat.messenger:string/PublicSharesCount_few without required default value.
warn: removing resource com.tonychat.messenger:string/PublicSharesCount_many without required default value.
warn: removing resource com.tonychat.messenger:string/PublicSharesCount_two without required default value.
warn: removing resource com.tonychat.messenger:string/PublicSharesCount_zero without required default value.
warn: removing resource com.tonychat.messenger:string/QRCodePermissionNoCamera without required default value.
warn: removing resource com.tonychat.messenger:string/Question without required default value.
warn: removing resource com.tonychat.messenger:string/QuickReplyCustom without required default value.
warn: removing resource com.tonychat.messenger:string/ReEnterYourPasscode without required default value.
warn: removing resource com.tonychat.messenger:string/Recipient_few without required default value.
warn: removing resource com.tonychat.messenger:string/Recipient_many without required default value.
warn: removing resource com.tonychat.messenger:string/Recipient_two without required default value.
warn: removing resource com.tonychat.messenger:string/Recipient_zero without required default value.
warn: removing resource com.tonychat.messenger:string/RegisterText without required default value.
warn: removing resource com.tonychat.messenger:string/RemoveFromListText without required default value.
warn: removing resource com.tonychat.messenger:string/RemoveStickersCount without required default value.
warn: removing resource com.tonychat.messenger:string/RemovedUser_few without required default value.
warn: removing resource com.tonychat.messenger:string/RemovedUser_many without required default value.
warn: removing resource com.tonychat.messenger:string/RemovedUser_two without required default value.
warn: removing resource com.tonychat.messenger:string/RemovedUser_zero without required default value.
warn: removing resource com.tonychat.messenger:string/Replies_few without required default value.
warn: removing resource com.tonychat.messenger:string/Replies_many without required default value.
warn: removing resource com.tonychat.messenger:string/Replies_two without required default value.
warn: removing resource com.tonychat.messenger:string/Replies_zero without required default value.
warn: removing resource com.tonychat.messenger:string/ResetAccountButton without required default value.
warn: removing resource com.tonychat.messenger:string/ResetMyAccountText without required default value.
warn: removing resource com.tonychat.messenger:string/Restrictions_few without required default value.
warn: removing resource com.tonychat.messenger:string/Restrictions_many without required default value.
warn: removing resource com.tonychat.messenger:string/Restrictions_two without required default value.
warn: removing resource com.tonychat.messenger:string/Restrictions_zero without required default value.
warn: removing resource com.tonychat.messenger:string/RoamingUsage without required default value.
warn: removing resource com.tonychat.messenger:string/ScrollableChatPreview without required default value.
warn: removing resource com.tonychat.messenger:string/SearchImagesInfo without required default value.
warn: removing resource com.tonychat.messenger:string/SecondsBold_few without required default value.
warn: removing resource com.tonychat.messenger:string/SecondsBold_many without required default value.
warn: removing resource com.tonychat.messenger:string/SecondsBold_two without required default value.
warn: removing resource com.tonychat.messenger:string/SecondsBold_zero without required default value.
warn: removing resource com.tonychat.messenger:string/Seconds_few without required default value.
warn: removing resource com.tonychat.messenger:string/Seconds_many without required default value.
warn: removing resource com.tonychat.messenger:string/Seconds_two without required default value.
warn: removing resource com.tonychat.messenger:string/Seconds_zero without required default value.
warn: removing resource com.tonychat.messenger:string/SelectContacts without required default value.
warn: removing resource com.tonychat.messenger:string/SelectImage without required default value.
warn: removing resource com.tonychat.messenger:string/SelectOtherChat without required default value.
warn: removing resource com.tonychat.messenger:string/SendContactTo without required default value.
warn: removing resource com.tonychat.messenger:string/SendContactToGroup without required default value.
warn: removing resource com.tonychat.messenger:string/SendGameTo without required default value.
warn: removing resource com.tonychat.messenger:string/SendGameToGroup without required default value.
warn: removing resource com.tonychat.messenger:string/SendItems without required default value.
warn: removing resource com.tonychat.messenger:string/SendMessagesTo without required default value.
warn: removing resource com.tonychat.messenger:string/SendMessagesToGroup without required default value.
warn: removing resource com.tonychat.messenger:string/SessionsInfo without required default value.
warn: removing resource com.tonychat.messenger:string/SetAdmins without required default value.
warn: removing resource com.tonychat.messenger:string/SetAdminsAll without required default value.
warn: removing resource com.tonychat.messenger:string/SetAdminsAllInfo without required default value.
warn: removing resource com.tonychat.messenger:string/SetAdminsNotAllInfo without required default value.
warn: removing resource com.tonychat.messenger:string/SetAdminsTitle without required default value.
warn: removing resource com.tonychat.messenger:string/SetBackground without required default value.
warn: removing resource com.tonychat.messenger:string/SharedAudioFiles without required default value.
warn: removing resource com.tonychat.messenger:string/SharedFilesTab without required default value.
warn: removing resource com.tonychat.messenger:string/SharedLinksTab without required default value.
warn: removing resource com.tonychat.messenger:string/SharedMediaTab without required default value.
warn: removing resource com.tonychat.messenger:string/SharedMediaTitle without required default value.
warn: removing resource com.tonychat.messenger:string/SharedMusicTab without required default value.
warn: removing resource com.tonychat.messenger:string/SharedToPrivateMessagesAndGroups without required default value.
warn: removing resource com.tonychat.messenger:string/SharedVoiceTab without required default value.
warn: removing resource com.tonychat.messenger:string/Shared_few without required default value.
warn: removing resource com.tonychat.messenger:string/Shared_many without required default value.
warn: removing resource com.tonychat.messenger:string/Shared_two without required default value.
warn: removing resource com.tonychat.messenger:string/Shared_zero without required default value.
warn: removing resource com.tonychat.messenger:string/Shares_few without required default value.
warn: removing resource com.tonychat.messenger:string/Shares_many without required default value.
warn: removing resource com.tonychat.messenger:string/Shares_two without required default value.
warn: removing resource com.tonychat.messenger:string/Shares_zero without required default value.
warn: removing resource com.tonychat.messenger:string/ShowAllThemes without required default value.
warn: removing resource com.tonychat.messenger:string/ShowNearbyPlaces without required default value.
warn: removing resource com.tonychat.messenger:string/ShowVotes_few without required default value.
warn: removing resource com.tonychat.messenger:string/ShowVotes_many without required default value.
warn: removing resource com.tonychat.messenger:string/ShowVotes_two without required default value.
warn: removing resource com.tonychat.messenger:string/ShowVotes_zero without required default value.
warn: removing resource com.tonychat.messenger:string/Shuffle without required default value.
warn: removing resource com.tonychat.messenger:string/SinglePhotosHelp without required default value.
warn: removing resource com.tonychat.messenger:string/SlideToCancel without required default value.
warn: removing resource com.tonychat.messenger:string/SmartNotificationsAlert without required default value.
warn: removing resource com.tonychat.messenger:string/SmartNotificationsDetail without required default value.
warn: removing resource com.tonychat.messenger:string/StartVoipChannelAlertText without required default value.
warn: removing resource com.tonychat.messenger:string/StartVoipChatAlertText without required default value.
warn: removing resource com.tonychat.messenger:string/StickerSets_few without required default value.
warn: removing resource com.tonychat.messenger:string/StickerSets_many without required default value.
warn: removing resource com.tonychat.messenger:string/StickerSets_two without required default value.
warn: removing resource com.tonychat.messenger:string/StickerSets_zero without required default value.
warn: removing resource com.tonychat.messenger:string/Stickers_few without required default value.
warn: removing resource com.tonychat.messenger:string/Stickers_many without required default value.
warn: removing resource com.tonychat.messenger:string/Stickers_two without required default value.
warn: removing resource com.tonychat.messenger:string/Stickers_zero without required default value.
warn: removing resource com.tonychat.messenger:string/StopLiveLocationAlertAll without required default value.
warn: removing resource com.tonychat.messenger:string/StopLiveLocationAlertToGroup without required default value.
warn: removing resource com.tonychat.messenger:string/StopLiveLocationAlertToUser without required default value.
warn: removing resource com.tonychat.messenger:string/StopShowingMe without required default value.
warn: removing resource com.tonychat.messenger:string/Subscribers_few without required default value.
warn: removing resource com.tonychat.messenger:string/Subscribers_many without required default value.
warn: removing resource com.tonychat.messenger:string/Subscribers_two without required default value.
warn: removing resource com.tonychat.messenger:string/Subscribers_zero without required default value.
warn: removing resource com.tonychat.messenger:string/SyncContactsDeleteInfo without required default value.
warn: removing resource com.tonychat.messenger:string/SystemRoot without required default value.
warn: removing resource com.tonychat.messenger:string/TapToViewAsList without required default value.
warn: removing resource com.tonychat.messenger:string/TelegramContacts_few without required default value.
warn: removing resource com.tonychat.messenger:string/TelegramContacts_many without required default value.
warn: removing resource com.tonychat.messenger:string/TelegramContacts_two without required default value.
warn: removing resource com.tonychat.messenger:string/TelegramContacts_zero without required default value.
warn: removing resource com.tonychat.messenger:string/TerminateSessionInfo without required default value.
warn: removing resource com.tonychat.messenger:string/TerminateSessionQuestion without required default value.
warn: removing resource com.tonychat.messenger:string/TerminateWebSessionQuestion without required default value.
warn: removing resource com.tonychat.messenger:string/TextSelectionHit without required default value.
warn: removing resource com.tonychat.messenger:string/TextSize without required default value.
warn: removing resource com.tonychat.messenger:string/ThemeBlue without required default value.
warn: removing resource com.tonychat.messenger:string/ThemeDarkBlue without required default value.
warn: removing resource com.tonychat.messenger:string/ThemeGraphite without required default value.
warn: removing resource com.tonychat.messenger:string/ThemeInfo without required default value.
warn: removing resource com.tonychat.messenger:string/ThemeInstallCount_few without required default value.
warn: removing resource com.tonychat.messenger:string/ThemeInstallCount_many without required default value.
warn: removing resource com.tonychat.messenger:string/ThemeInstallCount_two without required default value.
warn: removing resource com.tonychat.messenger:string/ThemeInstallCount_zero without required default value.
warn: removing resource com.tonychat.messenger:string/ThemePreviewTitle without required default value.
warn: removing resource com.tonychat.messenger:string/ThemeUrl without required default value.
warn: removing resource com.tonychat.messenger:string/Times_few without required default value.
warn: removing resource com.tonychat.messenger:string/Times_many without required default value.
warn: removing resource com.tonychat.messenger:string/Times_two without required default value.
warn: removing resource com.tonychat.messenger:string/Times_zero without required default value.
warn: removing resource com.tonychat.messenger:string/TypeScheduleMessage without required default value.
warn: removing resource com.tonychat.messenger:string/Unban without required default value.
warn: removing resource com.tonychat.messenger:string/UnbanText without required default value.
warn: removing resource com.tonychat.messenger:string/UnblockText without required default value.
warn: removing resource com.tonychat.messenger:string/UnsupportedMedia without required default value.
warn: removing resource com.tonychat.messenger:string/UpdateNow without required default value.
warn: removing resource com.tonychat.messenger:string/UpdatedMinutes_few without required default value.
warn: removing resource com.tonychat.messenger:string/UpdatedMinutes_many without required default value.
warn: removing resource com.tonychat.messenger:string/UpdatedMinutes_two without required default value.
warn: removing resource com.tonychat.messenger:string/UpdatedMinutes_zero without required default value.
warn: removing resource com.tonychat.messenger:string/UploadImage without required default value.
warn: removing resource com.tonychat.messenger:string/UploadItems without required default value.
warn: removing resource com.tonychat.messenger:string/UsbActive without required default value.
warn: removing resource com.tonychat.messenger:string/UserBioEmpty without required default value.
warn: removing resource com.tonychat.messenger:string/UserRestrictionsBy without required default value.
warn: removing resource com.tonychat.messenger:string/UserRestrictionsDisabled without required default value.
warn: removing resource com.tonychat.messenger:string/UserRestrictionsRead without required default value.
warn: removing resource com.tonychat.messenger:string/UserRestrictionsUntil without required default value.
warn: removing resource com.tonychat.messenger:string/UsernamePlaceholder without required default value.
warn: removing resource com.tonychat.messenger:string/UsersCountTitle_few without required default value.
warn: removing resource com.tonychat.messenger:string/UsersCountTitle_many without required default value.
warn: removing resource com.tonychat.messenger:string/UsersCountTitle_two without required default value.
warn: removing resource com.tonychat.messenger:string/UsersCountTitle_zero without required default value.
warn: removing resource com.tonychat.messenger:string/UsersCount_few without required default value.
warn: removing resource com.tonychat.messenger:string/UsersCount_many without required default value.
warn: removing resource com.tonychat.messenger:string/UsersCount_two without required default value.
warn: removing resource com.tonychat.messenger:string/UsersCount_zero without required default value.
warn: removing resource com.tonychat.messenger:string/Users_few without required default value.
warn: removing resource com.tonychat.messenger:string/Users_many without required default value.
warn: removing resource com.tonychat.messenger:string/Users_two without required default value.
warn: removing resource com.tonychat.messenger:string/Users_zero without required default value.
warn: removing resource com.tonychat.messenger:string/VideoCaption without required default value.
warn: removing resource com.tonychat.messenger:string/VideoMessagesAutodownload without required default value.
warn: removing resource com.tonychat.messenger:string/VideoSavedToDownloadsHint without required default value.
warn: removing resource com.tonychat.messenger:string/VideosSavedHint_few without required default value.
warn: removing resource com.tonychat.messenger:string/VideosSavedHint_many without required default value.
warn: removing resource com.tonychat.messenger:string/VideosSavedHint_two without required default value.
warn: removing resource com.tonychat.messenger:string/VideosSavedHint_zero without required default value.
warn: removing resource com.tonychat.messenger:string/VideosSelected_few without required default value.
warn: removing resource com.tonychat.messenger:string/VideosSelected_many without required default value.
warn: removing resource com.tonychat.messenger:string/VideosSelected_two without required default value.
warn: removing resource com.tonychat.messenger:string/VideosSelected_zero without required default value.
warn: removing resource com.tonychat.messenger:string/Videos_few without required default value.
warn: removing resource com.tonychat.messenger:string/Videos_many without required default value.
warn: removing resource com.tonychat.messenger:string/Videos_two without required default value.
warn: removing resource com.tonychat.messenger:string/Videos_zero without required default value.
warn: removing resource com.tonychat.messenger:string/ViewDetails without required default value.
warn: removing resource com.tonychat.messenger:string/ViewReplies_few without required default value.
warn: removing resource com.tonychat.messenger:string/ViewReplies_many without required default value.
warn: removing resource com.tonychat.messenger:string/ViewReplies_two without required default value.
warn: removing resource com.tonychat.messenger:string/ViewReplies_zero without required default value.
warn: removing resource com.tonychat.messenger:string/ViewStats without required default value.
warn: removing resource com.tonychat.messenger:string/Views_few without required default value.
warn: removing resource com.tonychat.messenger:string/Views_many without required default value.
warn: removing resource com.tonychat.messenger:string/Views_two without required default value.
warn: removing resource com.tonychat.messenger:string/Views_zero without required default value.
warn: removing resource com.tonychat.messenger:string/Voice_few without required default value.
warn: removing resource com.tonychat.messenger:string/Voice_many without required default value.
warn: removing resource com.tonychat.messenger:string/Voice_two without required default value.
warn: removing resource com.tonychat.messenger:string/Voice_zero without required default value.
warn: removing resource com.tonychat.messenger:string/VoipAnsweringAsAccount without required default value.
warn: removing resource com.tonychat.messenger:string/VoipGroupEndedStartNew without required default value.
warn: removing resource com.tonychat.messenger:string/VoipGroupInvitedToVoiceChat without required default value.
warn: removing resource com.tonychat.messenger:string/VoipGroupJoinCall without required default value.
warn: removing resource com.tonychat.messenger:string/VoipGroupMuteMemberAlertText without required default value.
warn: removing resource com.tonychat.messenger:string/VoipGroupMuteMemberAlertTitle without required default value.
warn: removing resource com.tonychat.messenger:string/VoipGroupOpenGroup without required default value.
warn: removing resource com.tonychat.messenger:string/VoipGroupRemoveMemberAlertText without required default value.
warn: removing resource com.tonychat.messenger:string/VoipGroupRemoveMemberAlertTitle without required default value.
warn: removing resource com.tonychat.messenger:string/VoipGroupStartAs without required default value.
warn: removing resource com.tonychat.messenger:string/VoipGroupUnmute without required default value.
warn: removing resource com.tonychat.messenger:string/VoipGroupVolume without required default value.
warn: removing resource com.tonychat.messenger:string/VoipHangingUp without required default value.
warn: removing resource com.tonychat.messenger:string/VoipIncoming without required default value.
warn: removing resource com.tonychat.messenger:string/VoipMutedByAdminInfo without required default value.
warn: removing resource com.tonychat.messenger:string/VoipNeedMicCameraPermission without required default value.
warn: removing resource com.tonychat.messenger:string/VoipNeedMicPermission without required default value.
warn: removing resource com.tonychat.messenger:string/VoipVideoUnavailable without required default value.
warn: removing resource com.tonychat.messenger:string/Vote_few without required default value.
warn: removing resource com.tonychat.messenger:string/Vote_many without required default value.
warn: removing resource com.tonychat.messenger:string/Vote_two without required default value.
warn: removing resource com.tonychat.messenger:string/Vote_zero without required default value.
warn: removing resource com.tonychat.messenger:string/Weeks_few without required default value.
warn: removing resource com.tonychat.messenger:string/Weeks_many without required default value.
warn: removing resource com.tonychat.messenger:string/Weeks_two without required default value.
warn: removing resource com.tonychat.messenger:string/Weeks_zero without required default value.
warn: removing resource com.tonychat.messenger:string/WhoCanAddMembers without required default value.
warn: removing resource com.tonychat.messenger:string/WhoCanAddMembersAdmins without required default value.
warn: removing resource com.tonychat.messenger:string/WhoCanAddMembersAllMembers without required default value.
warn: removing resource com.tonychat.messenger:string/WiFiUsage without required default value.
warn: removing resource com.tonychat.messenger:string/WidgetPasscode without required default value.
warn: removing resource com.tonychat.messenger:string/WidgetPasscodeEnable without required default value.
warn: removing resource com.tonychat.messenger:string/WidgetPasscodeEnable2 without required default value.
warn: removing resource com.tonychat.messenger:string/Years_few without required default value.
warn: removing resource com.tonychat.messenger:string/Years_many without required default value.
warn: removing resource com.tonychat.messenger:string/Years_two without required default value.
warn: removing resource com.tonychat.messenger:string/Years_zero without required default value.
warn: removing resource com.tonychat.messenger:string/YourEmailCode without required default value.
warn: removing resource com.tonychat.messenger:string/YourEmailCodeInfo without required default value.
warn: removing resource com.tonychat.messenger:string/YourPasswordSuccessText without required default value.
warn: removing resource com.tonychat.messenger:string/_tg_cancel without required default value.
warn: removing resource com.tonychat.messenger:string/_tg_open_google_play without required default value.
warn: removing resource com.tonychat.messenger:string/disableDoubleTabReactions without required default value.
warn: removing resource com.tonychat.messenger:string/download_telegram_text without required default value.
warn: removing resource com.tonychat.messenger:string/formatDateScheduleDay without required default value.
warn: removing resource com.tonychat.messenger:string/formatterMonthName without required default value.
warn: removing resource com.tonychat.messenger:string/formatterMonthYear2 without required default value.
warn: removing resource com.tonychat.messenger:string/items_few without required default value.
warn: removing resource com.tonychat.messenger:string/items_many without required default value.
warn: removing resource com.tonychat.messenger:string/items_two without required default value.
warn: removing resource com.tonychat.messenger:string/items_zero without required default value.
warn: removing resource com.tonychat.messenger:string/login_with_telegram without required default value.
warn: removing resource com.tonychat.messenger:string/messages_few without required default value.
warn: removing resource com.tonychat.messenger:string/messages_many without required default value.
warn: removing resource com.tonychat.messenger:string/messages_two without required default value.
warn: removing resource com.tonychat.messenger:string/messages_zero without required default value.
warn: removing resource com.tonychat.messenger:string/telegram_passport without required default value.

warn: removing resource com.tonychat.messenger:string/AccDescrMuteMic without required default value.
warn: removing resource com.tonychat.messenger:string/AccDescrNumberOfViews_few without required default value.
warn: removing resource com.tonychat.messenger:string/AccDescrNumberOfViews_many without required default value.
warn: removing resource com.tonychat.messenger:string/AccDescrNumberOfViews_two without required default value.
warn: removing resource com.tonychat.messenger:string/AccDescrNumberOfViews_zero without required default value.
warn: removing resource com.tonychat.messenger:string/AccDescrPasscodeUnlock without required default value.
warn: removing resource com.tonychat.messenger:string/AccDescrSendAudio_few without required default value.
warn: removing resource com.tonychat.messenger:string/AccDescrSendAudio_many without required default value.
warn: removing resource com.tonychat.messenger:string/AccDescrSendAudio_two without required default value.
warn: removing resource com.tonychat.messenger:string/AccDescrSendAudio_zero without required default value.
warn: removing resource com.tonychat.messenger:string/AccDescrSendFiles_few without required default value.
warn: removing resource com.tonychat.messenger:string/AccDescrSendFiles_many without required default value.
warn: removing resource com.tonychat.messenger:string/AccDescrSendFiles_two without required default value.
warn: removing resource com.tonychat.messenger:string/AccDescrSendFiles_zero without required default value.
warn: removing resource com.tonychat.messenger:string/AccDescrSendPhotos_few without required default value.
warn: removing resource com.tonychat.messenger:string/AccDescrSendPhotos_many without required default value.
warn: removing resource com.tonychat.messenger:string/AccDescrSendPhotos_two without required default value.
warn: removing resource com.tonychat.messenger:string/AccDescrSendPhotos_zero without required default value.
warn: removing resource com.tonychat.messenger:string/AccDescrShareInChats_few without required default value.
warn: removing resource com.tonychat.messenger:string/AccDescrShareInChats_many without required default value.
warn: removing resource com.tonychat.messenger:string/AccDescrShareInChats_two without required default value.
warn: removing resource com.tonychat.messenger:string/AccDescrShareInChats_zero without required default value.
warn: removing resource com.tonychat.messenger:string/AccDescrTakeMorePics without required default value.
warn: removing resource com.tonychat.messenger:string/ActionCreatedInviteLink without required default value.
warn: removing resource com.tonychat.messenger:string/ActionCreatedInviteLinkClickable without required default value.
warn: removing resource com.tonychat.messenger:string/ActionDeletedInviteLink without required default value.
warn: removing resource com.tonychat.messenger:string/ActionEditedInviteLink without required default value.
warn: removing resource com.tonychat.messenger:string/ActionEditedInviteLinkToSame without required default value.
warn: removing resource com.tonychat.messenger:string/ActionGroupCallEnded without required default value.
warn: removing resource com.tonychat.messenger:string/ActionGroupCallJustStarted without required default value.
warn: removing resource com.tonychat.messenger:string/ActionRevokedInviteLink without required default value.
warn: removing resource com.tonychat.messenger:string/AddManyMembersAlertNamesText_few without required default value.
warn: removing resource com.tonychat.messenger:string/AddManyMembersAlertNamesText_two without required default value.
warn: removing resource com.tonychat.messenger:string/AddManyMembersAlertTitle_few without required default value.
warn: removing resource com.tonychat.messenger:string/AddManyMembersAlertTitle_many without required default value.
warn: removing resource com.tonychat.messenger:string/AddManyMembersAlertTitle_two without required default value.
warn: removing resource com.tonychat.messenger:string/AddMembersAlertCountText without required default value.
warn: removing resource com.tonychat.messenger:string/AddMembersAlertTitle without required default value.
warn: removing resource com.tonychat.messenger:string/AddOneMemberAlertTitle without required default value.
warn: removing resource com.tonychat.messenger:string/AddPeopleNearby without required default value.
warn: removing resource com.tonychat.messenger:string/AddRecipient without required default value.
warn: removing resource com.tonychat.messenger:string/AddToTheGroupTitle without required default value.
warn: removing resource com.tonychat.messenger:string/AllowReadCallAndSms without required default value.
warn: removing resource com.tonychat.messenger:string/AllowReadSms without required default value.
warn: removing resource com.tonychat.messenger:string/AlwaysAllowPlaceholder without required default value.
warn: removing resource com.tonychat.messenger:string/AlwaysShareWithPlaceholder without required default value.
warn: removing resource com.tonychat.messenger:string/AndMoreTypingGroup_few without required default value.
warn: removing resource com.tonychat.messenger:string/AndMoreTypingGroup_many without required default value.
warn: removing resource com.tonychat.messenger:string/AndMoreTypingGroup_two without required default value.
warn: removing resource com.tonychat.messenger:string/AndMoreTypingGroup_zero without required default value.
warn: removing resource com.tonychat.messenger:string/AndMoreTyping_few without required default value.
warn: removing resource com.tonychat.messenger:string/AndMoreTyping_many without required default value.
warn: removing resource com.tonychat.messenger:string/AndMoreTyping_two without required default value.
warn: removing resource com.tonychat.messenger:string/AndMoreTyping_zero without required default value.
warn: removing resource com.tonychat.messenger:string/AndOther_few without required default value.
warn: removing resource com.tonychat.messenger:string/AndOther_many without required default value.
warn: removing resource com.tonychat.messenger:string/AndOther_two without required default value.
warn: removing resource com.tonychat.messenger:string/AndOther_zero without required default value.
warn: removing resource com.tonychat.messenger:string/AnimatedStickers without required default value.
warn: removing resource com.tonychat.messenger:string/Answer_few without required default value.
warn: removing resource com.tonychat.messenger:string/Answer_many without required default value.
warn: removing resource com.tonychat.messenger:string/Answer_two without required default value.
warn: removing resource com.tonychat.messenger:string/Answer_zero without required default value.
warn: removing resource com.tonychat.messenger:string/Appearance without required default value.
warn: removing resource com.tonychat.messenger:string/AreYouSureBlockContact without required default value.
warn: removing resource com.tonychat.messenger:string/AreYouSureDeleteMessages without required default value.
warn: removing resource com.tonychat.messenger:string/AreYouSureDeleteThisChatWithGroup without required default value.
warn: removing resource com.tonychat.messenger:string/AttachBotsHelp without required default value.
warn: removing resource com.tonychat.messenger:string/AudioAutodownload without required default value.
warn: removing resource com.tonychat.messenger:string/AudioTitle without required default value.
warn: removing resource com.tonychat.messenger:string/AudiosSavedHint_few without required default value.
warn: removing resource com.tonychat.messenger:string/AudiosSavedHint_many without required default value.
warn: removing resource com.tonychat.messenger:string/AudiosSavedHint_two without required default value.
warn: removing resource com.tonychat.messenger:string/AudiosSavedHint_zero without required default value.
warn: removing resource com.tonychat.messenger:string/AuthAnotherClientTokenError without required default value.
warn: removing resource com.tonychat.messenger:string/AutoDeleteSetTimer without required default value.
warn: removing resource com.tonychat.messenger:string/AutoNightAutomatic without required default value.
warn: removing resource com.tonychat.messenger:string/AutoplayGifs without required default value.
warn: removing resource com.tonychat.messenger:string/AwayTo without required default value.
warn: removing resource com.tonychat.messenger:string/BackgroundBrightness without required default value.
warn: removing resource com.tonychat.messenger:string/BackgroundColor without required default value.
warn: removing resource com.tonychat.messenger:string/BackgroundColorPreviewLine1 without required default value.
warn: removing resource com.tonychat.messenger:string/BackgroundColorPreviewLine2 without required default value.
warn: removing resource com.tonychat.messenger:string/BackgroundHexColorCode without required default value.
warn: removing resource com.tonychat.messenger:string/BackgroundRestricted without required default value.
warn: removing resource com.tonychat.messenger:string/Bans_few without required default value.
warn: removing resource com.tonychat.messenger:string/Bans_many without required default value.
warn: removing resource com.tonychat.messenger:string/Bans_two without required default value.
warn: removing resource com.tonychat.messenger:string/Bans_zero without required default value.
warn: removing resource com.tonychat.messenger:string/BlockedUsersCount_few without required default value.
warn: removing resource com.tonychat.messenger:string/BlockedUsersCount_many without required default value.
warn: removing resource com.tonychat.messenger:string/BlockedUsersCount_two without required default value.
warn: removing resource com.tonychat.messenger:string/BlockedUsersCount_zero without required default value.
warn: removing resource com.tonychat.messenger:string/BotInvite without required default value.
warn: removing resource com.tonychat.messenger:string/BotStop without required default value.
warn: removing resource com.tonychat.messenger:string/BuiltInThemes without required default value.
warn: removing resource com.tonychat.messenger:string/CacheEmpty without required default value.
warn: removing resource com.tonychat.messenger:string/CanJoin_few without required default value.
warn: removing resource com.tonychat.messenger:string/CanJoin_many without required default value.
warn: removing resource com.tonychat.messenger:string/CanJoin_two without required default value.
warn: removing resource com.tonychat.messenger:string/CanJoin_zero without required default value.
warn: removing resource com.tonychat.messenger:string/CancelAccountResetInfo without required default value.
warn: removing resource com.tonychat.messenger:string/CancelForward without required default value.
warn: removing resource com.tonychat.messenger:string/CancelForwardMessage without required default value.
warn: removing resource com.tonychat.messenger:string/ChannelAddMembers without required default value.
warn: removing resource com.tonychat.messenger:string/ChannelAlertCreate without required default value.
warn: removing resource com.tonychat.messenger:string/ChannelDiscuss without required default value.
warn: removing resource com.tonychat.messenger:string/ChannelJoinTo without required default value.
warn: removing resource com.tonychat.messenger:string/ChannelMessageContact without required default value.
warn: removing resource com.tonychat.messenger:string/ChannelMessagePoll without required default value.
warn: removing resource com.tonychat.messenger:string/ChannelVerifiedWarning without required default value.
warn: removing resource com.tonychat.messenger:string/Channels_few without required default value.
warn: removing resource com.tonychat.messenger:string/Channels_many without required default value.
warn: removing resource com.tonychat.messenger:string/Channels_two without required default value.
warn: removing resource com.tonychat.messenger:string/Channels_zero without required default value.
warn: removing resource com.tonychat.messenger:string/Characters_few without required default value.
warn: removing resource com.tonychat.messenger:string/Characters_many without required default value.
warn: removing resource com.tonychat.messenger:string/Characters_two without required default value.
warn: removing resource com.tonychat.messenger:string/Characters_zero without required default value.
warn: removing resource com.tonychat.messenger:string/ChatCamera without required default value.
warn: removing resource com.tonychat.messenger:string/ChatSetLocation without required default value.
warn: removing resource com.tonychat.messenger:string/ChatSetLocationInfo without required default value.
warn: removing resource com.tonychat.messenger:string/ChatVideo without required default value.
warn: removing resource com.tonychat.messenger:string/ChatsException_few without required default value.
warn: removing resource com.tonychat.messenger:string/ChatsException_many without required default value.
warn: removing resource com.tonychat.messenger:string/ChatsException_two without required default value.
warn: removing resource com.tonychat.messenger:string/ChatsException_zero without required default value.
warn: removing resource com.tonychat.messenger:string/ChatsNearbyHeader without required default value.
warn: removing resource com.tonychat.messenger:string/ChatsSelectedClearCache_few without required default value.
warn: removing resource com.tonychat.messenger:string/ChatsSelectedClearCache_many without required default value.
warn: removing resource com.tonychat.messenger:string/ChatsSelectedClearCache_two without required default value.
warn: removing resource com.tonychat.messenger:string/ChatsSelectedClearCache_zero without required default value.
warn: removing resource com.tonychat.messenger:string/ChatsSelectedClear_few without required default value.
warn: removing resource com.tonychat.messenger:string/ChatsSelectedClear_many without required default value.
warn: removing resource com.tonychat.messenger:string/ChatsSelectedClear_two without required default value.
warn: removing resource com.tonychat.messenger:string/ChatsSelectedClear_zero without required default value.
warn: removing resource com.tonychat.messenger:string/ChatsSelected_few without required default value.
warn: removing resource com.tonychat.messenger:string/ChatsSelected_many without required default value.
warn: removing resource com.tonychat.messenger:string/ChatsSelected_two without required default value.
warn: removing resource com.tonychat.messenger:string/ChatsSelected_zero without required default value.
warn: removing resource com.tonychat.messenger:string/Chats_few without required default value.
warn: removing resource com.tonychat.messenger:string/Chats_many without required default value.
warn: removing resource com.tonychat.messenger:string/Chats_two without required default value.
warn: removing resource com.tonychat.messenger:string/Chats_zero without required default value.
warn: removing resource com.tonychat.messenger:string/ChooseFromYourStickers without required default value.
warn: removing resource com.tonychat.messenger:string/ChooseMapPreviewProvider without required default value.
warn: removing resource com.tonychat.messenger:string/ChooseStickerSetNotFound without required default value.
warn: removing resource com.tonychat.messenger:string/ChooseStickerSetNotFoundInfo without required default value.
warn: removing resource com.tonychat.messenger:string/ChooseStickerSetPlaceholder without required default value.
warn: removing resource com.tonychat.messenger:string/ChromeCustomTabs without required default value.
warn: removing resource com.tonychat.messenger:string/ChromeCustomTabsInfo without required default value.
warn: removing resource com.tonychat.messenger:string/ClearRecentEmoji without required default value.
warn: removing resource com.tonychat.messenger:string/ColorDark without required default value.
warn: removing resource com.tonychat.messenger:string/ColorPickerReset without required default value.
warn: removing resource com.tonychat.messenger:string/ColorPickerResetAll without required default value.
warn: removing resource com.tonychat.messenger:string/ColorSepia without required default value.
warn: removing resource com.tonychat.messenger:string/ColorThemes without required default value.
warn: removing resource com.tonychat.messenger:string/CommentsCount_few without required default value.
warn: removing resource com.tonychat.messenger:string/CommentsCount_many without required default value.
warn: removing resource com.tonychat.messenger:string/CommentsCount_two without required default value.
warn: removing resource com.tonychat.messenger:string/CommentsCount_zero without required default value.
warn: removing resource com.tonychat.messenger:string/CommentsNoNumber_few without required default value.
warn: removing resource com.tonychat.messenger:string/CommentsNoNumber_many without required default value.
warn: removing resource com.tonychat.messenger:string/CommentsNoNumber_two without required default value.
warn: removing resource com.tonychat.messenger:string/CommentsNoNumber_zero without required default value.
warn: removing resource com.tonychat.messenger:string/Comments_few without required default value.
warn: removing resource com.tonychat.messenger:string/Comments_many without required default value.
warn: removing resource com.tonychat.messenger:string/Comments_two without required default value.
warn: removing resource com.tonychat.messenger:string/Comments_zero without required default value.
warn: removing resource com.tonychat.messenger:string/CommonGroups_few without required default value.
warn: removing resource com.tonychat.messenger:string/CommonGroups_many without required default value.
warn: removing resource com.tonychat.messenger:string/CommonGroups_two without required default value.
warn: removing resource com.tonychat.messenger:string/CommonGroups_zero without required default value.
warn: removing resource com.tonychat.messenger:string/CompatibilityChat without required default value.
warn: removing resource com.tonychat.messenger:string/ConfirmDeleteCallLog without required default value.
warn: removing resource com.tonychat.messenger:string/ConnectingToProxyDisable without required default value.
warn: removing resource com.tonychat.messenger:string/ConnectingToProxyDisableAlert without required default value.
warn: removing resource com.tonychat.messenger:string/ConnectingToProxyTapToDisable without required default value.
warn: removing resource com.tonychat.messenger:string/ContactShare without required default value.
warn: removing resource com.tonychat.messenger:string/ConvertGroup without required default value.
warn: removing resource com.tonychat.messenger:string/ConvertGroupInfo without required default value.
warn: removing resource com.tonychat.messenger:string/ConvertGroupInfo2 without required default value.
warn: removing resource com.tonychat.messenger:string/ConvertGroupInfo3 without required default value.
warn: removing resource com.tonychat.messenger:string/ConvertGroupMenu without required default value.
warn: removing resource com.tonychat.messenger:string/CountOfResults_few without required default value.
warn: removing resource com.tonychat.messenger:string/CountOfResults_many without required default value.
warn: removing resource com.tonychat.messenger:string/CountOfResults_two without required default value.
warn: removing resource com.tonychat.messenger:string/CountOfResults_zero without required default value.
warn: removing resource com.tonychat.messenger:string/CreateNewLinkHelp without required default value.
warn: removing resource com.tonychat.messenger:string/CreateNewThemeInfo without required default value.
warn: removing resource com.tonychat.messenger:string/CustomThemes without required default value.
warn: removing resource com.tonychat.messenger:string/DaysBold_few without required default value.
warn: removing resource com.tonychat.messenger:string/DaysBold_many without required default value.
warn: removing resource com.tonychat.messenger:string/DaysBold_two without required default value.
warn: removing resource com.tonychat.messenger:string/DaysBold_zero without required default value.
warn: removing resource com.tonychat.messenger:string/DaysLeft_few without required default value.
warn: removing resource com.tonychat.messenger:string/DaysLeft_many without required default value.
warn: removing resource com.tonychat.messenger:string/DaysLeft_two without required default value.
warn: removing resource com.tonychat.messenger:string/DaysLeft_zero without required default value.
warn: removing resource com.tonychat.messenger:string/Days_few without required default value.
warn: removing resource com.tonychat.messenger:string/Days_many without required default value.
warn: removing resource com.tonychat.messenger:string/Days_two without required default value.
warn: removing resource com.tonychat.messenger:string/Days_zero without required default value.
warn: removing resource com.tonychat.messenger:string/DebugMenuDisablePauseMusic without required default value.
warn: removing resource com.tonychat.messenger:string/DebugMenuDisableSmoothKeyboard without required default value.
warn: removing resource com.tonychat.messenger:string/DebugMenuEnablePauseMusic without required default value.
warn: removing resource com.tonychat.messenger:string/DebugMenuEnableSmoothKeyboard without required default value.
warn: removing resource com.tonychat.messenger:string/DeleteAccountIfAwayFor without required default value.
warn: removing resource com.tonychat.messenger:string/DeleteAndStop without required default value.
warn: removing resource com.tonychat.messenger:string/DeleteBackground_few without required default value.
warn: removing resource com.tonychat.messenger:string/DeleteBackground_many without required default value.
warn: removing resource com.tonychat.messenger:string/DeleteBackground_two without required default value.
warn: removing resource com.tonychat.messenger:string/DeleteBackground_zero without required default value.
warn: removing resource com.tonychat.messenger:string/DeleteBanUser without required default value.
warn: removing resource com.tonychat.messenger:string/DeleteGif without required default value.
warn: removing resource com.tonychat.messenger:string/DeleteLocalization without required default value.
warn: removing resource com.tonychat.messenger:string/DeleteTheseChats without required default value.
warn: removing resource com.tonychat.messenger:string/Deletions_few without required default value.
warn: removing resource com.tonychat.messenger:string/Deletions_many without required default value.
warn: removing resource com.tonychat.messenger:string/Deletions_two without required default value.
warn: removing resource com.tonychat.messenger:string/Deletions_zero without required default value.
warn: removing resource com.tonychat.messenger:string/DeviceStorage without required default value.
warn: removing resource com.tonychat.messenger:string/DiceInfo without required default value.
warn: removing resource com.tonychat.messenger:string/DiscussionChannelGroupSetHelp without required default value.
warn: removing resource com.tonychat.messenger:string/DiscussionChannelHelp without required default value.
warn: removing resource com.tonychat.messenger:string/DocumentsTitle without required default value.
warn: removing resource com.tonychat.messenger:string/EmailPasswordConfirmText without required default value.
warn: removing resource com.tonychat.messenger:string/EmailPasswordConfirmText3 without required default value.
warn: removing resource com.tonychat.messenger:string/EmojiBigSize without required default value.
warn: removing resource com.tonychat.messenger:string/EmptyExceptions without required default value.
warn: removing resource com.tonychat.messenger:string/EnableProxyAlert without required default value.
warn: removing resource com.tonychat.messenger:string/EnableProxyAlert2 without required default value.
warn: removing resource com.tonychat.messenger:string/EnterCurrentPasscode without required default value.
warn: removing resource com.tonychat.messenger:string/EnterNewFirstPasscode without required default value.
warn: removing resource com.tonychat.messenger:string/EventLogEmpty without required default value.
warn: removing resource com.tonychat.messenger:string/EventLogEmptyChannel without required default value.
warn: removing resource com.tonychat.messenger:string/EventLogEmptySearch without required default value.
warn: removing resource com.tonychat.messenger:string/EventLogEmptyTextSearch without required default value.
warn: removing resource com.tonychat.messenger:string/Exception_few without required default value.
warn: removing resource com.tonychat.messenger:string/Exception_many without required default value.
warn: removing resource com.tonychat.messenger:string/Exception_two without required default value.
warn: removing resource com.tonychat.messenger:string/Exception_zero without required default value.
warn: removing resource com.tonychat.messenger:string/FeaturedStickersInfo without required default value.
warn: removing resource com.tonychat.messenger:string/FileSavedHint without required default value.
warn: removing resource com.tonychat.messenger:string/FilesSavedHint_few without required default value.
warn: removing resource com.tonychat.messenger:string/FilesSavedHint_many without required default value.
warn: removing resource com.tonychat.messenger:string/FilesSavedHint_one without required default value.
warn: removing resource com.tonychat.messenger:string/FilesSavedHint_other without required default value.
warn: removing resource com.tonychat.messenger:string/FilesSavedHint_two without required default value.
warn: removing resource com.tonychat.messenger:string/FilesSavedHint_zero without required default value.
warn: removing resource com.tonychat.messenger:string/Files_few without required default value.
warn: removing resource com.tonychat.messenger:string/Files_many without required default value.
warn: removing resource com.tonychat.messenger:string/Files_two without required default value.
warn: removing resource com.tonychat.messenger:string/Files_zero without required default value.
warn: removing resource com.tonychat.messenger:string/FilterAddException without required default value.
warn: removing resource com.tonychat.messenger:string/FilterExcludeArchived without required default value.
warn: removing resource com.tonychat.messenger:string/FilterExcludeMuted without required default value.
warn: removing resource com.tonychat.messenger:string/FilterExcludeRead without required default value.
warn: removing resource com.tonychat.messenger:string/FilterRemoveFromAlertFullText without required default value.
warn: removing resource com.tonychat.messenger:string/FilterSecretChats without required default value.
warn: removing resource com.tonychat.messenger:string/FilterShowMoreChats_few without required default value.
warn: removing resource com.tonychat.messenger:string/FilterShowMoreChats_many without required default value.
warn: removing resource com.tonychat.messenger:string/FilterShowMoreChats_two without required default value.
warn: removing resource com.tonychat.messenger:string/FilterShowMoreChats_zero without required default value.
warn: removing resource com.tonychat.messenger:string/FilterUnread without required default value.
warn: removing resource com.tonychat.messenger:string/FiltersSetup without required default value.
warn: removing resource com.tonychat.messenger:string/FiltersSetupPinAlert without required default value.
warn: removing resource com.tonychat.messenger:string/FingerprintHelp without required default value.
warn: removing resource com.tonychat.messenger:string/FingerprintInfo without required default value.
warn: removing resource com.tonychat.messenger:string/FingerprintNotRecognized without required default value.
warn: removing resource com.tonychat.messenger:string/ForwardedAudio_few without required default value.
warn: removing resource com.tonychat.messenger:string/ForwardedAudio_many without required default value.
warn: removing resource com.tonychat.messenger:string/ForwardedAudio_two without required default value.
warn: removing resource com.tonychat.messenger:string/ForwardedAudio_zero without required default value.
warn: removing resource com.tonychat.messenger:string/ForwardedContact_few without required default value.
warn: removing resource com.tonychat.messenger:string/ForwardedContact_many without required default value.
warn: removing resource com.tonychat.messenger:string/ForwardedContact_two without required default value.
warn: removing resource com.tonychat.messenger:string/ForwardedContact_zero without required default value.
warn: removing resource com.tonychat.messenger:string/ForwardedFile_few without required default value.
warn: removing resource com.tonychat.messenger:string/ForwardedFile_many without required default value.
warn: removing resource com.tonychat.messenger:string/ForwardedFile_two without required default value.
warn: removing resource com.tonychat.messenger:string/ForwardedFile_zero without required default value.
warn: removing resource com.tonychat.messenger:string/ForwardedLocation_few without required default value.
warn: removing resource com.tonychat.messenger:string/ForwardedLocation_many without required default value.
warn: removing resource com.tonychat.messenger:string/ForwardedLocation_two without required default value.
warn: removing resource com.tonychat.messenger:string/ForwardedLocation_zero without required default value.
warn: removing resource com.tonychat.messenger:string/ForwardedMessage without required default value.
warn: removing resource com.tonychat.messenger:string/ForwardedMessageCount_few without required default value.
warn: removing resource com.tonychat.messenger:string/ForwardedMessageCount_many without required default value.
warn: removing resource com.tonychat.messenger:string/ForwardedMessageCount_two without required default value.
warn: removing resource com.tonychat.messenger:string/ForwardedMessageCount_zero without required default value.
warn: removing resource com.tonychat.messenger:string/ForwardedMusic_few without required default value.
warn: removing resource com.tonychat.messenger:string/ForwardedMusic_many without required default value.
warn: removing resource com.tonychat.messenger:string/ForwardedMusic_two without required default value.
warn: removing resource com.tonychat.messenger:string/ForwardedMusic_zero without required default value.
warn: removing resource com.tonychat.messenger:string/ForwardedPhoto_few without required default value.
warn: removing resource com.tonychat.messenger:string/ForwardedPhoto_many without required default value.
warn: removing resource com.tonychat.messenger:string/ForwardedPhoto_two without required default value.
warn: removing resource com.tonychat.messenger:string/ForwardedPhoto_zero without required default value.
warn: removing resource com.tonychat.messenger:string/ForwardedPoll_few without required default value.
warn: removing resource com.tonychat.messenger:string/ForwardedPoll_many without required default value.
warn: removing resource com.tonychat.messenger:string/ForwardedPoll_two without required default value.
warn: removing resource com.tonychat.messenger:string/ForwardedPoll_zero without required default value.
warn: removing resource com.tonychat.messenger:string/ForwardedRound_few without required default value.
warn: removing resource com.tonychat.messenger:string/ForwardedRound_many without required default value.
warn: removing resource com.tonychat.messenger:string/ForwardedRound_two without required default value.
warn: removing resource com.tonychat.messenger:string/ForwardedRound_zero without required default value.
warn: removing resource com.tonychat.messenger:string/ForwardedSticker_few without required default value.
warn: removing resource com.tonychat.messenger:string/ForwardedSticker_many without required default value.
warn: removing resource com.tonychat.messenger:string/ForwardedSticker_two without required default value.
warn: removing resource com.tonychat.messenger:string/ForwardedSticker_zero without required default value.
warn: removing resource com.tonychat.messenger:string/ForwardedVideo_few without required default value.
warn: removing resource com.tonychat.messenger:string/ForwardedVideo_many without required default value.
warn: removing resource com.tonychat.messenger:string/ForwardedVideo_two without required default value.
warn: removing resource com.tonychat.messenger:string/ForwardedVideo_zero without required default value.
warn: removing resource com.tonychat.messenger:string/FromCamera without required default value.
warn: removing resource com.tonychat.messenger:string/FromChats_few without required default value.
warn: removing resource com.tonychat.messenger:string/FromChats_many without required default value.
warn: removing resource com.tonychat.messenger:string/FromChats_two without required default value.
warn: removing resource com.tonychat.messenger:string/FromChats_zero without required default value.
warn: removing resource com.tonychat.messenger:string/FromGalley without required default value.
warn: removing resource com.tonychat.messenger:string/FwdMessageToChats without required default value.
warn: removing resource com.tonychat.messenger:string/FwdMessagesToChats without required default value.
warn: removing resource com.tonychat.messenger:string/GIFs_few without required default value.
warn: removing resource com.tonychat.messenger:string/GIFs_many without required default value.
warn: removing resource com.tonychat.messenger:string/GIFs_two without required default value.
warn: removing resource com.tonychat.messenger:string/GIFs_zero without required default value.
warn: removing resource com.tonychat.messenger:string/GifCaption without required default value.
warn: removing resource com.tonychat.messenger:string/GifSavedToDownloadsHint without required default value.
warn: removing resource com.tonychat.messenger:string/GifsTab without required default value.
warn: removing resource com.tonychat.messenger:string/GpsDisabledAlert without required default value.
warn: removing resource com.tonychat.messenger:string/GpsDisabledAlertTitle without required default value.
warn: removing resource com.tonychat.messenger:string/GroupNotifications without required default value.
warn: removing resource com.tonychat.messenger:string/GroupPhotosHelp without required default value.
warn: removing resource com.tonychat.messenger:string/GroupsAndChannels without required default value.
warn: removing resource com.tonychat.messenger:string/GroupsInCommon without required default value.
warn: removing resource com.tonychat.messenger:string/GroupsInCommonTitle without required default value.
warn: removing resource com.tonychat.messenger:string/Groups_few without required default value.
warn: removing resource com.tonychat.messenger:string/Groups_many without required default value.
warn: removing resource com.tonychat.messenger:string/Groups_two without required default value.
warn: removing resource com.tonychat.messenger:string/Groups_zero without required default value.
warn: removing resource com.tonychat.messenger:string/HideDeviceInfo without required default value.
warn: removing resource com.tonychat.messenger:string/HideDeviceInfoOff without required default value.
warn: removing resource com.tonychat.messenger:string/HideDeviceInfoOn without required default value.
warn: removing resource com.tonychat.messenger:string/HoursBold_few without required default value.
warn: removing resource com.tonychat.messenger:string/HoursBold_many without required default value.
warn: removing resource com.tonychat.messenger:string/HoursBold_two without required default value.
warn: removing resource com.tonychat.messenger:string/HoursBold_zero without required default value.
warn: removing resource com.tonychat.messenger:string/Hours_few without required default value.
warn: removing resource com.tonychat.messenger:string/Hours_many without required default value.
warn: removing resource com.tonychat.messenger:string/Hours_two without required default value.
warn: removing resource com.tonychat.messenger:string/Hours_zero without required default value.
warn: removing resource com.tonychat.messenger:string/ImagesTab without required default value.
warn: removing resource com.tonychat.messenger:string/InstantViewNightMode without required default value.
warn: removing resource com.tonychat.messenger:string/InteractionsChartTitle without required default value.
warn: removing resource com.tonychat.messenger:string/Invitations_few without required default value.
warn: removing resource com.tonychat.messenger:string/Invitations_many without required default value.
warn: removing resource com.tonychat.messenger:string/Invitations_two without required default value.
warn: removing resource com.tonychat.messenger:string/Invitations_zero without required default value.
warn: removing resource com.tonychat.messenger:string/InviteLinkCount_few without required default value.
warn: removing resource com.tonychat.messenger:string/InviteLinkCount_many without required default value.
warn: removing resource com.tonychat.messenger:string/InviteLinkCount_two without required default value.
warn: removing resource com.tonychat.messenger:string/InviteLinkCount_zero without required default value.
warn: removing resource com.tonychat.messenger:string/InviteTextNum_few without required default value.
warn: removing resource com.tonychat.messenger:string/InviteTextNum_many without required default value.
warn: removing resource com.tonychat.messenger:string/InviteTextNum_two without required default value.
warn: removing resource com.tonychat.messenger:string/InviteTextNum_zero without required default value.
warn: removing resource com.tonychat.messenger:string/JoinGroup without required default value.
warn: removing resource com.tonychat.messenger:string/KMetersAway without required default value.
warn: removing resource com.tonychat.messenger:string/KeepMediaInfo without required default value.
warn: removing resource com.tonychat.messenger:string/KickFromSupergroup without required default value.
warn: removing resource com.tonychat.messenger:string/Km without required default value.
warn: removing resource com.tonychat.messenger:string/LanguageUnofficial without required default value.
warn: removing resource com.tonychat.messenger:string/Languages_few without required default value.
warn: removing resource com.tonychat.messenger:string/Languages_many without required default value.
warn: removing resource com.tonychat.messenger:string/Languages_two without required default value.
warn: removing resource com.tonychat.messenger:string/Languages_zero without required default value.
warn: removing resource com.tonychat.messenger:string/Later without required default value.
warn: removing resource com.tonychat.messenger:string/LinksTitle without required default value.
warn: removing resource com.tonychat.messenger:string/Links_few without required default value.
warn: removing resource com.tonychat.messenger:string/Links_many without required default value.
warn: removing resource com.tonychat.messenger:string/Links_two without required default value.
warn: removing resource com.tonychat.messenger:string/Links_zero without required default value.
warn: removing resource com.tonychat.messenger:string/LocalCache without required default value.
warn: removing resource com.tonychat.messenger:string/LocalDatabaseClear without required default value.
warn: removing resource com.tonychat.messenger:string/LocalGifCache without required default value.
warn: removing resource com.tonychat.messenger:string/LocationNotifiationButton without required default value.
warn: removing resource com.tonychat.messenger:string/LowDiskSpaceNeverRemove without required default value.
warn: removing resource com.tonychat.messenger:string/LowDiskSpaceTitle2 without required default value.
warn: removing resource com.tonychat.messenger:string/MakeAdmin without required default value.
warn: removing resource com.tonychat.messenger:string/MakeMyselfVisible without required default value.
warn: removing resource com.tonychat.messenger:string/MakeMyselfVisibleInfo without required default value.
warn: removing resource com.tonychat.messenger:string/MakeMyselfVisibleTitle without required default value.
warn: removing resource com.tonychat.messenger:string/ManageChannel without required default value.
warn: removing resource com.tonychat.messenger:string/ManageChannelMenu without required default value.
warn: removing resource com.tonychat.messenger:string/ManageGroupMenu without required default value.
warn: removing resource com.tonychat.messenger:string/MasksCount_few without required default value.
warn: removing resource com.tonychat.messenger:string/MasksCount_many without required default value.
warn: removing resource com.tonychat.messenger:string/MasksCount_two without required default value.
warn: removing resource com.tonychat.messenger:string/MasksCount_zero without required default value.
warn: removing resource com.tonychat.messenger:string/MediaSavedHint_few without required default value.
warn: removing resource com.tonychat.messenger:string/MediaSavedHint_many without required default value.
warn: removing resource com.tonychat.messenger:string/MediaSavedHint_two without required default value.
warn: removing resource com.tonychat.messenger:string/MediaSavedHint_zero without required default value.
warn: removing resource com.tonychat.messenger:string/MediaSelected_few without required default value.
warn: removing resource com.tonychat.messenger:string/MediaSelected_many without required default value.
warn: removing resource com.tonychat.messenger:string/MediaSelected_two without required default value.
warn: removing resource com.tonychat.messenger:string/MediaSelected_zero without required default value.
warn: removing resource com.tonychat.messenger:string/Media_few without required default value.
warn: removing resource com.tonychat.messenger:string/Media_many without required default value.
warn: removing resource com.tonychat.messenger:string/Media_two without required default value.
warn: removing resource com.tonychat.messenger:string/Media_zero without required default value.
warn: removing resource com.tonychat.messenger:string/MegaDeleteAlert without required default value.
warn: removing resource com.tonychat.messenger:string/MegaDeleteInfo without required default value.
warn: removing resource com.tonychat.messenger:string/MembersCount without required default value.
warn: removing resource com.tonychat.messenger:string/MembersCountSelected_few without required default value.
warn: removing resource com.tonychat.messenger:string/MembersCountSelected_many without required default value.
warn: removing resource com.tonychat.messenger:string/MembersCountSelected_two without required default value.
warn: removing resource com.tonychat.messenger:string/MembersCountSelected_zero without required default value.
warn: removing resource com.tonychat.messenger:string/MembersTalking_few without required default value.
warn: removing resource com.tonychat.messenger:string/MembersTalking_many without required default value.
warn: removing resource com.tonychat.messenger:string/MembersTalking_two without required default value.
warn: removing resource com.tonychat.messenger:string/MembersTalking_zero without required default value.
warn: removing resource com.tonychat.messenger:string/Members_few without required default value.
warn: removing resource com.tonychat.messenger:string/Members_many without required default value.
warn: removing resource com.tonychat.messenger:string/Members_two without required default value.
warn: removing resource com.tonychat.messenger:string/Members_zero without required default value.
warn: removing resource com.tonychat.messenger:string/MessageLifetimePhoto without required default value.
warn: removing resource com.tonychat.messenger:string/MessageLifetimeVideo without required default value.
warn: removing resource com.tonychat.messenger:string/MessageNotifications without required default value.
warn: removing resource com.tonychat.messenger:string/MessagesDeletedHint_few without required default value.
warn: removing resource com.tonychat.messenger:string/MessagesDeletedHint_many without required default value.
warn: removing resource com.tonychat.messenger:string/MessagesDeletedHint_two without required default value.
warn: removing resource com.tonychat.messenger:string/MessagesDeletedHint_zero without required default value.
warn: removing resource com.tonychat.messenger:string/MessagesUnpinned_few without required default value.
warn: removing resource com.tonychat.messenger:string/MessagesUnpinned_many without required default value.
warn: removing resource com.tonychat.messenger:string/MessagesUnpinned_two without required default value.
warn: removing resource com.tonychat.messenger:string/MessagesUnpinned_zero without required default value.
warn: removing resource com.tonychat.messenger:string/MetersAway without required default value.
warn: removing resource com.tonychat.messenger:string/Meters_few without required default value.
warn: removing resource com.tonychat.messenger:string/Meters_many without required default value.
warn: removing resource com.tonychat.messenger:string/Meters_two without required default value.
warn: removing resource com.tonychat.messenger:string/Meters_zero without required default value.
warn: removing resource com.tonychat.messenger:string/Mi without required default value.
warn: removing resource com.tonychat.messenger:string/MinutesBold_few without required default value.
warn: removing resource com.tonychat.messenger:string/MinutesBold_many without required default value.
warn: removing resource com.tonychat.messenger:string/MinutesBold_two without required default value.
warn: removing resource com.tonychat.messenger:string/MinutesBold_zero without required default value.
warn: removing resource com.tonychat.messenger:string/Minutes_few without required default value.
warn: removing resource com.tonychat.messenger:string/Minutes_many without required default value.
warn: removing resource com.tonychat.messenger:string/Minutes_two without required default value.
warn: removing resource com.tonychat.messenger:string/Minutes_zero without required default value.
warn: removing resource com.tonychat.messenger:string/MobileUsage without required default value.
warn: removing resource com.tonychat.messenger:string/Months_few without required default value.
warn: removing resource com.tonychat.messenger:string/Months_many without required default value.
warn: removing resource com.tonychat.messenger:string/Months_two without required default value.
warn: removing resource com.tonychat.messenger:string/Months_zero without required default value.
warn: removing resource com.tonychat.messenger:string/MusicFiles_few without required default value.
warn: removing resource com.tonychat.messenger:string/MusicFiles_many without required default value.
warn: removing resource com.tonychat.messenger:string/MusicFiles_two without required default value.
warn: removing resource com.tonychat.messenger:string/MusicFiles_zero without required default value.
warn: removing resource com.tonychat.messenger:string/NearbyCreateGroup without required default value.
warn: removing resource com.tonychat.messenger:string/NearbyCreateGroupInfo without required default value.
warn: removing resource com.tonychat.messenger:string/NearbyCreateGroupInfo2 without required default value.
warn: removing resource com.tonychat.messenger:string/NearbyPeopleGreetingsDescription without required default value.
warn: removing resource com.tonychat.messenger:string/NearbyPeopleGreetingsMessage without required default value.
warn: removing resource com.tonychat.messenger:string/NearbyPlaces without required default value.
warn: removing resource com.tonychat.messenger:string/NearbyStartGroup without required default value.
warn: removing resource com.tonychat.messenger:string/NetworkUsageMobile without required default value.
warn: removing resource com.tonychat.messenger:string/NetworkUsageRoaming without required default value.
warn: removing resource com.tonychat.messenger:string/NetworkUsageWiFi without required default value.
warn: removing resource com.tonychat.messenger:string/NeverAllowPlaceholder without required default value.
warn: removing resource com.tonychat.messenger:string/NeverShareWithPlaceholder without required default value.
warn: removing resource com.tonychat.messenger:string/NewMessages_few without required default value.
warn: removing resource com.tonychat.messenger:string/NewMessages_many without required default value.
warn: removing resource com.tonychat.messenger:string/NewMessages_two without required default value.
warn: removing resource com.tonychat.messenger:string/NewMessages_zero without required default value.
warn: removing resource com.tonychat.messenger:string/NewThemePreviewLine2 without required default value.
warn: removing resource com.tonychat.messenger:string/NoAudio without required default value.
warn: removing resource com.tonychat.messenger:string/NoBlockedChannel without required default value.
warn: removing resource com.tonychat.messenger:string/NoBlockedGroup without required default value.
warn: removing resource com.tonychat.messenger:string/NoBlockedUsers without required default value.
warn: removing resource com.tonychat.messenger:string/NoCallLog without required default value.
warn: removing resource com.tonychat.messenger:string/NoContactsYet without required default value.
warn: removing resource com.tonychat.messenger:string/NoContactsYetLine1 without required default value.
warn: removing resource com.tonychat.messenger:string/NoContactsYetLine2 without required default value.
warn: removing resource com.tonychat.messenger:string/NoContactsYetLine3 without required default value.
warn: removing resource com.tonychat.messenger:string/NoFilesFound without required default value.
warn: removing resource com.tonychat.messenger:string/NoMasks without required default value.
warn: removing resource com.tonychat.messenger:string/NoOtherSessions without required default value.
warn: removing resource com.tonychat.messenger:string/NoOtherSessionsInfo without required default value.
warn: removing resource com.tonychat.messenger:string/NoOtherWebSessions without required default value.
warn: removing resource com.tonychat.messenger:string/NoOtherWebSessionsInfo without required default value.
warn: removing resource com.tonychat.messenger:string/NoRecentGIFs without required default value.
warn: removing resource com.tonychat.messenger:string/NoRecentPhotos without required default value.
warn: removing resource com.tonychat.messenger:string/NotMounted without required default value.
warn: removing resource com.tonychat.messenger:string/NotificationActionPinnedContact without required default value.
warn: removing resource com.tonychat.messenger:string/NotificationActionPinnedContactChannel without required default value.
warn: removing resource com.tonychat.messenger:string/NotificationActionPinnedPoll without required default value.
warn: removing resource com.tonychat.messenger:string/NotificationActionPinnedPollChannel without required default value.
warn: removing resource com.tonychat.messenger:string/NotificationMessageContact without required default value.
warn: removing resource com.tonychat.messenger:string/NotificationMessageGroupContact without required default value.
warn: removing resource com.tonychat.messenger:string/NotificationMessageGroupPoll without required default value.
warn: removing resource com.tonychat.messenger:string/NotificationMessagePoll without required default value.
warn: removing resource com.tonychat.messenger:string/NotificationsDefaultOff without required default value.
warn: removing resource com.tonychat.messenger:string/NotificationsDefaultOn without required default value.
warn: removing resource com.tonychat.messenger:string/NotificationsEnableCustom without required default value.
warn: removing resource com.tonychat.messenger:string/NotificationsForChannels without required default value.
warn: removing resource com.tonychat.messenger:string/NotificationsForGroups without required default value.
warn: removing resource com.tonychat.messenger:string/NotificationsForPrivateChats without required default value.
warn: removing resource com.tonychat.messenger:string/NotificationsPriority without required default value.
warn: removing resource com.tonychat.messenger:string/NotificationsPriorityDefault without required default value.
warn: removing resource com.tonychat.messenger:string/NotificationsPriorityMax without required default value.
warn: removing resource com.tonychat.messenger:string/OfCounted without required default value.
warn: removing resource com.tonychat.messenger:string/OnlineCount_few without required default value.
warn: removing resource com.tonychat.messenger:string/OnlineCount_many without required default value.
warn: removing resource com.tonychat.messenger:string/OnlineCount_two without required default value.
warn: removing resource com.tonychat.messenger:string/OnlineCount_zero without required default value.
warn: removing resource com.tonychat.messenger:string/OpenUrlAlert without required default value.
warn: removing resource com.tonychat.messenger:string/Option_few without required default value.
warn: removing resource com.tonychat.messenger:string/Option_many without required default value.
warn: removing resource com.tonychat.messenger:string/Option_two without required default value.
warn: removing resource com.tonychat.messenger:string/Option_zero without required default value.
warn: removing resource com.tonychat.messenger:string/PaintFramed without required default value.
warn: removing resource com.tonychat.messenger:string/PaintMarker without required default value.
warn: removing resource com.tonychat.messenger:string/PaintNeon without required default value.
warn: removing resource com.tonychat.messenger:string/PaintOutlined without required default value.
warn: removing resource com.tonychat.messenger:string/PaintPen without required default value.
warn: removing resource com.tonychat.messenger:string/PaintRegular without required default value.
warn: removing resource com.tonychat.messenger:string/Participants_few without required default value.
warn: removing resource com.tonychat.messenger:string/Participants_many without required default value.
warn: removing resource com.tonychat.messenger:string/Participants_two without required default value.
warn: removing resource com.tonychat.messenger:string/Participants_zero without required default value.
warn: removing resource com.tonychat.messenger:string/PasscodeDoNotMatch without required default value.
warn: removing resource com.tonychat.messenger:string/PasscodePIN without required default value.
warn: removing resource com.tonychat.messenger:string/PasscodePassword without required default value.
warn: removing resource com.tonychat.messenger:string/PassportCorrectErrors without required default value.
warn: removing resource com.tonychat.messenger:string/PassportInfo without required default value.
warn: removing resource com.tonychat.messenger:string/PassportSDK_Cancel without required default value.
warn: removing resource com.tonychat.messenger:string/PassportSDK_DownloadTelegram without required default value.
warn: removing resource com.tonychat.messenger:string/PassportSDK_LogInWithTelegram without required default value.
warn: removing resource com.tonychat.messenger:string/PassportSDK_OpenGooglePlay without required default value.
warn: removing resource com.tonychat.messenger:string/PassportSDK_TelegramPassport without required default value.
warn: removing resource com.tonychat.messenger:string/PaymentTransactionMessage without required default value.
warn: removing resource com.tonychat.messenger:string/PendingEmailText without required default value.
warn: removing resource com.tonychat.messenger:string/PeopleCanJoinViaLink without required default value.
warn: removing resource com.tonychat.messenger:string/PeopleCanJoinViaLinkCount_few without required default value.
warn: removing resource com.tonychat.messenger:string/PeopleCanJoinViaLinkCount_many without required default value.
warn: removing resource com.tonychat.messenger:string/PeopleCanJoinViaLinkCount_two without required default value.
warn: removing resource com.tonychat.messenger:string/PeopleCanJoinViaLinkCount_zero without required default value.
warn: removing resource com.tonychat.messenger:string/PeopleJoinedRemaining_few without required default value.
warn: removing resource com.tonychat.messenger:string/PeopleJoinedRemaining_many without required default value.
warn: removing resource com.tonychat.messenger:string/PeopleJoinedRemaining_two without required default value.
warn: removing resource com.tonychat.messenger:string/PeopleJoinedRemaining_zero without required default value.
warn: removing resource com.tonychat.messenger:string/PeopleJoined_few without required default value.
warn: removing resource com.tonychat.messenger:string/PeopleJoined_many without required default value.
warn: removing resource com.tonychat.messenger:string/PeopleJoined_two without required default value.
warn: removing resource com.tonychat.messenger:string/PeopleJoined_zero without required default value.
warn: removing resource com.tonychat.messenger:string/PeopleNearby without required default value.
warn: removing resource com.tonychat.messenger:string/PeopleNearbyAccessInfo without required default value.
warn: removing resource com.tonychat.messenger:string/PeopleNearbyAllowAccess without required default value.
warn: removing resource com.tonychat.messenger:string/PeopleNearbyEmpty without required default value.
warn: removing resource com.tonychat.messenger:string/PeopleNearbyGps without required default value.
warn: removing resource com.tonychat.messenger:string/PeopleNearbyGpsInfo without required default value.
warn: removing resource com.tonychat.messenger:string/PeopleNearbyHeader without required default value.
warn: removing resource com.tonychat.messenger:string/PeopleNearbyInfo without required default value.
warn: removing resource com.tonychat.messenger:string/PeopleNearbyInfo2 without required default value.
warn: removing resource com.tonychat.messenger:string/PermissionContacts without required default value.
warn: removing resource com.tonychat.messenger:string/PermissionNoAudio without required default value.
warn: removing resource com.tonychat.messenger:string/PermissionNoAudioVideo without required default value.
warn: removing resource com.tonychat.messenger:string/PermissionNoCamera without required default value.
warn: removing resource com.tonychat.messenger:string/PermissionNoLocationPosition without required default value.
warn: removing resource com.tonychat.messenger:string/PermissionStorage without required default value.
warn: removing resource com.tonychat.messenger:string/PhoneNumberChange without required default value.
warn: removing resource com.tonychat.messenger:string/PhotoCaption without required default value.
warn: removing resource com.tonychat.messenger:string/PhotoSavedToDownloadsHint without required default value.
warn: removing resource com.tonychat.messenger:string/PhotosSavedHint_few without required default value.
warn: removing resource com.tonychat.messenger:string/PhotosSavedHint_many without required default value.
warn: removing resource com.tonychat.messenger:string/PhotosSavedHint_two without required default value.
warn: removing resource com.tonychat.messenger:string/PhotosSavedHint_zero without required default value.
warn: removing resource com.tonychat.messenger:string/PhotosSelected_few without required default value.
warn: removing resource com.tonychat.messenger:string/PhotosSelected_many without required default value.
warn: removing resource com.tonychat.messenger:string/PhotosSelected_two without required default value.
warn: removing resource com.tonychat.messenger:string/PhotosSelected_zero without required default value.
warn: removing resource com.tonychat.messenger:string/Photos_few without required default value.
warn: removing resource com.tonychat.messenger:string/Photos_many without required default value.
warn: removing resource com.tonychat.messenger:string/Photos_two without required default value.
warn: removing resource com.tonychat.messenger:string/Photos_zero without required default value.
warn: removing resource com.tonychat.messenger:string/PinToTopLimitReached without required default value.
warn: removing resource com.tonychat.messenger:string/PinToTopLimitReached2 without required default value.
warn: removing resource com.tonychat.messenger:string/PinnedMessagesCount_few without required default value.
warn: removing resource com.tonychat.messenger:string/PinnedMessagesCount_many without required default value.
warn: removing resource com.tonychat.messenger:string/PinnedMessagesCount_two without required default value.
warn: removing resource com.tonychat.messenger:string/PinnedMessagesCount_zero without required default value.
warn: removing resource com.tonychat.messenger:string/PinnedPoll without required default value.
warn: removing resource com.tonychat.messenger:string/PleaseEnterFirstPassword without required default value.
warn: removing resource com.tonychat.messenger:string/PleaseEnterPassword without required default value.
warn: removing resource com.tonychat.messenger:string/Points_few without required default value.
warn: removing resource com.tonychat.messenger:string/Points_many without required default value.
warn: removing resource com.tonychat.messenger:string/Points_two without required default value.
warn: removing resource com.tonychat.messenger:string/Points_zero without required default value.
warn: removing resource com.tonychat.messenger:string/PollOptions without required default value.
warn: removing resource com.tonychat.messenger:string/PreviewFeedback without required default value.
warn: removing resource com.tonychat.messenger:string/PrivacyAdvanced without required default value.
warn: removing resource com.tonychat.messenger:string/PrivacyCallsP2PTitle without required default value.
warn: removing resource com.tonychat.messenger:string/PrivacyPayments without required default value.
warn: removing resource com.tonychat.messenger:string/PrivacyPaymentsClearInfo without required default value.
warn: removing resource com.tonychat.messenger:string/PrivacyProfilePhotoInfo2 without required default value.
warn: removing resource com.tonychat.messenger:string/ProviderTelegram without required default value.
warn: removing resource com.tonychat.messenger:string/PsaInfo_covid without required default value.
warn: removing resource com.tonychat.messenger:string/PsaMessageInfo_covid without required default value.
warn: removing resource com.tonychat.messenger:string/PsaMessage_covid without required default value.
warn: removing resource com.tonychat.messenger:string/PsaType_covid without required default value.
warn: removing resource com.tonychat.messenger:string/PublicSharesCount_few without required default value.
warn: removing resource com.tonychat.messenger:string/PublicSharesCount_many without required default value.
warn: removing resource com.tonychat.messenger:string/PublicSharesCount_two without required default value.
warn: removing resource com.tonychat.messenger:string/PublicSharesCount_zero without required default value.
warn: removing resource com.tonychat.messenger:string/QRCodePermissionNoCamera without required default value.
warn: removing resource com.tonychat.messenger:string/Question without required default value.
warn: removing resource com.tonychat.messenger:string/QuickReplyCustom without required default value.
warn: removing resource com.tonychat.messenger:string/ReEnterYourPasscode without required default value.
warn: removing resource com.tonychat.messenger:string/Recipient_few without required default value.
warn: removing resource com.tonychat.messenger:string/Recipient_many without required default value.
warn: removing resource com.tonychat.messenger:string/Recipient_two without required default value.
warn: removing resource com.tonychat.messenger:string/Recipient_zero without required default value.
warn: removing resource com.tonychat.messenger:string/RegisterText without required default value.
warn: removing resource com.tonychat.messenger:string/RemoveFromListText without required default value.
warn: removing resource com.tonychat.messenger:string/RemoveStickersCount without required default value.
warn: removing resource com.tonychat.messenger:string/RemovedUser_few without required default value.
warn: removing resource com.tonychat.messenger:string/RemovedUser_many without required default value.
warn: removing resource com.tonychat.messenger:string/RemovedUser_two without required default value.
warn: removing resource com.tonychat.messenger:string/RemovedUser_zero without required default value.
warn: removing resource com.tonychat.messenger:string/Replies_few without required default value.
warn: removing resource com.tonychat.messenger:string/Replies_many without required default value.
warn: removing resource com.tonychat.messenger:string/Replies_two without required default value.
warn: removing resource com.tonychat.messenger:string/Replies_zero without required default value.
warn: removing resource com.tonychat.messenger:string/ResetAccountButton without required default value.
warn: removing resource com.tonychat.messenger:string/ResetMyAccountText without required default value.
warn: removing resource com.tonychat.messenger:string/Restrictions_few without required default value.
warn: removing resource com.tonychat.messenger:string/Restrictions_many without required default value.
warn: removing resource com.tonychat.messenger:string/Restrictions_two without required default value.
warn: removing resource com.tonychat.messenger:string/Restrictions_zero without required default value.
warn: removing resource com.tonychat.messenger:string/RoamingUsage without required default value.
warn: removing resource com.tonychat.messenger:string/ScrollableChatPreview without required default value.
warn: removing resource com.tonychat.messenger:string/SearchImagesInfo without required default value.
warn: removing resource com.tonychat.messenger:string/SecondsBold_few without required default value.
warn: removing resource com.tonychat.messenger:string/SecondsBold_many without required default value.
warn: removing resource com.tonychat.messenger:string/SecondsBold_two without required default value.
warn: removing resource com.tonychat.messenger:string/SecondsBold_zero without required default value.
warn: removing resource com.tonychat.messenger:string/Seconds_few without required default value.
warn: removing resource com.tonychat.messenger:string/Seconds_many without required default value.
warn: removing resource com.tonychat.messenger:string/Seconds_two without required default value.
warn: removing resource com.tonychat.messenger:string/Seconds_zero without required default value.
warn: removing resource com.tonychat.messenger:string/SelectContacts without required default value.
warn: removing resource com.tonychat.messenger:string/SelectImage without required default value.
warn: removing resource com.tonychat.messenger:string/SelectOtherChat without required default value.
warn: removing resource com.tonychat.messenger:string/SendContactTo without required default value.
warn: removing resource com.tonychat.messenger:string/SendContactToGroup without required default value.
warn: removing resource com.tonychat.messenger:string/SendGameTo without required default value.
warn: removing resource com.tonychat.messenger:string/SendGameToGroup without required default value.
warn: removing resource com.tonychat.messenger:string/SendItems without required default value.
warn: removing resource com.tonychat.messenger:string/SendMessagesTo without required default value.
warn: removing resource com.tonychat.messenger:string/SendMessagesToGroup without required default value.
warn: removing resource com.tonychat.messenger:string/SessionsInfo without required default value.
warn: removing resource com.tonychat.messenger:string/SetAdmins without required default value.
warn: removing resource com.tonychat.messenger:string/SetAdminsAll without required default value.
warn: removing resource com.tonychat.messenger:string/SetAdminsAllInfo without required default value.
warn: removing resource com.tonychat.messenger:string/SetAdminsNotAllInfo without required default value.
warn: removing resource com.tonychat.messenger:string/SetAdminsTitle without required default value.
warn: removing resource com.tonychat.messenger:string/SetBackground without required default value.
warn: removing resource com.tonychat.messenger:string/SharedAudioFiles without required default value.
warn: removing resource com.tonychat.messenger:string/SharedFilesTab without required default value.
warn: removing resource com.tonychat.messenger:string/SharedLinksTab without required default value.
warn: removing resource com.tonychat.messenger:string/SharedMediaTab without required default value.
warn: removing resource com.tonychat.messenger:string/SharedMediaTitle without required default value.
warn: removing resource com.tonychat.messenger:string/SharedMusicTab without required default value.
warn: removing resource com.tonychat.messenger:string/SharedToPrivateMessagesAndGroups without required default value.
warn: removing resource com.tonychat.messenger:string/SharedVoiceTab without required default value.
warn: removing resource com.tonychat.messenger:string/Shared_few without required default value.
warn: removing resource com.tonychat.messenger:string/Shared_many without required default value.
warn: removing resource com.tonychat.messenger:string/Shared_two without required default value.
warn: removing resource com.tonychat.messenger:string/Shared_zero without required default value.
warn: removing resource com.tonychat.messenger:string/Shares_few without required default value.
warn: removing resource com.tonychat.messenger:string/Shares_many without required default value.
warn: removing resource com.tonychat.messenger:string/Shares_two without required default value.
warn: removing resource com.tonychat.messenger:string/Shares_zero without required default value.
warn: removing resource com.tonychat.messenger:string/ShowAllThemes without required default value.
warn: removing resource com.tonychat.messenger:string/ShowNearbyPlaces without required default value.
warn: removing resource com.tonychat.messenger:string/ShowVotes_few without required default value.
warn: removing resource com.tonychat.messenger:string/ShowVotes_many without required default value.
warn: removing resource com.tonychat.messenger:string/ShowVotes_two without required default value.
warn: removing resource com.tonychat.messenger:string/ShowVotes_zero without required default value.
warn: removing resource com.tonychat.messenger:string/Shuffle without required default value.
warn: removing resource com.tonychat.messenger:string/SinglePhotosHelp without required default value.
warn: removing resource com.tonychat.messenger:string/SlideToCancel without required default value.
warn: removing resource com.tonychat.messenger:string/SmartNotificationsAlert without required default value.
warn: removing resource com.tonychat.messenger:string/SmartNotificationsDetail without required default value.
warn: removing resource com.tonychat.messenger:string/StartVoipChannelAlertText without required default value.
warn: removing resource com.tonychat.messenger:string/StartVoipChatAlertText without required default value.
warn: removing resource com.tonychat.messenger:string/StickerSets_few without required default value.
warn: removing resource com.tonychat.messenger:string/StickerSets_many without required default value.
warn: removing resource com.tonychat.messenger:string/StickerSets_two without required default value.
warn: removing resource com.tonychat.messenger:string/StickerSets_zero without required default value.
warn: removing resource com.tonychat.messenger:string/Stickers_few without required default value.
warn: removing resource com.tonychat.messenger:string/Stickers_many without required default value.
warn: removing resource com.tonychat.messenger:string/Stickers_two without required default value.
warn: removing resource com.tonychat.messenger:string/Stickers_zero without required default value.
warn: removing resource com.tonychat.messenger:string/StopLiveLocationAlertAll without required default value.
warn: removing resource com.tonychat.messenger:string/StopLiveLocationAlertToGroup without required default value.
warn: removing resource com.tonychat.messenger:string/StopLiveLocationAlertToUser without required default value.
warn: removing resource com.tonychat.messenger:string/StopShowingMe without required default value.
warn: removing resource com.tonychat.messenger:string/Subscribers_few without required default value.
warn: removing resource com.tonychat.messenger:string/Subscribers_many without required default value.
warn: removing resource com.tonychat.messenger:string/Subscribers_two without required default value.
warn: removing resource com.tonychat.messenger:string/Subscribers_zero without required default value.
warn: removing resource com.tonychat.messenger:string/SyncContactsDeleteInfo without required default value.
warn: removing resource com.tonychat.messenger:string/SystemRoot without required default value.
warn: removing resource com.tonychat.messenger:string/TapToViewAsList without required default value.
warn: removing resource com.tonychat.messenger:string/TelegramContacts_few without required default value.
warn: removing resource com.tonychat.messenger:string/TelegramContacts_many without required default value.
warn: removing resource com.tonychat.messenger:string/TelegramContacts_two without required default value.
warn: removing resource com.tonychat.messenger:string/TelegramContacts_zero without required default value.
warn: removing resource com.tonychat.messenger:string/TerminateSessionInfo without required default value.
warn: removing resource com.tonychat.messenger:string/TerminateSessionQuestion without required default value.
warn: removing resource com.tonychat.messenger:string/TerminateWebSessionQuestion without required default value.
warn: removing resource com.tonychat.messenger:string/TextSelectionHit without required default value.
warn: removing resource com.tonychat.messenger:string/TextSize without required default value.
warn: removing resource com.tonychat.messenger:string/ThemeBlue without required default value.
warn: removing resource com.tonychat.messenger:string/ThemeDarkBlue without required default value.
warn: removing resource com.tonychat.messenger:string/ThemeGraphite without required default value.
warn: removing resource com.tonychat.messenger:string/ThemeInfo without required default value.
warn: removing resource com.tonychat.messenger:string/ThemeInstallCount_few without required default value.
warn: removing resource com.tonychat.messenger:string/ThemeInstallCount_many without required default value.
warn: removing resource com.tonychat.messenger:string/ThemeInstallCount_two without required default value.
warn: removing resource com.tonychat.messenger:string/ThemeInstallCount_zero without required default value.
warn: removing resource com.tonychat.messenger:string/ThemePreviewTitle without required default value.
warn: removing resource com.tonychat.messenger:string/ThemeUrl without required default value.
warn: removing resource com.tonychat.messenger:string/Times_few without required default value.
warn: removing resource com.tonychat.messenger:string/Times_many without required default value.
warn: removing resource com.tonychat.messenger:string/Times_two without required default value.
warn: removing resource com.tonychat.messenger:string/Times_zero without required default value.
warn: removing resource com.tonychat.messenger:string/TypeScheduleMessage without required default value.
warn: removing resource com.tonychat.messenger:string/Unban without required default value.
warn: removing resource com.tonychat.messenger:string/UnbanText without required default value.
warn: removing resource com.tonychat.messenger:string/UnblockText without required default value.
warn: removing resource com.tonychat.messenger:string/UnsupportedMedia without required default value.
warn: removing resource com.tonychat.messenger:string/UpdateNow without required default value.
warn: removing resource com.tonychat.messenger:string/UpdatedMinutes_few without required default value.
warn: removing resource com.tonychat.messenger:string/UpdatedMinutes_many without required default value.
warn: removing resource com.tonychat.messenger:string/UpdatedMinutes_two without required default value.
warn: removing resource com.tonychat.messenger:string/UpdatedMinutes_zero without required default value.
warn: removing resource com.tonychat.messenger:string/UploadImage without required default value.
warn: removing resource com.tonychat.messenger:string/UploadItems without required default value.
warn: removing resource com.tonychat.messenger:string/UsbActive without required default value.
warn: removing resource com.tonychat.messenger:string/UserBioEmpty without required default value.
warn: removing resource com.tonychat.messenger:string/UserRestrictionsBy without required default value.
warn: removing resource com.tonychat.messenger:string/UserRestrictionsDisabled without required default value.
warn: removing resource com.tonychat.messenger:string/UserRestrictionsRead without required default value.
warn: removing resource com.tonychat.messenger:string/UserRestrictionsUntil without required default value.
warn: removing resource com.tonychat.messenger:string/UsernamePlaceholder without required default value.
warn: removing resource com.tonychat.messenger:string/UsersCountTitle_few without required default value.
warn: removing resource com.tonychat.messenger:string/UsersCountTitle_many without required default value.
warn: removing resource com.tonychat.messenger:string/UsersCountTitle_two without required default value.
warn: removing resource com.tonychat.messenger:string/UsersCountTitle_zero without required default value.
warn: removing resource com.tonychat.messenger:string/UsersCount_few without required default value.
warn: removing resource com.tonychat.messenger:string/UsersCount_many without required default value.
warn: removing resource com.tonychat.messenger:string/UsersCount_two without required default value.
warn: removing resource com.tonychat.messenger:string/UsersCount_zero without required default value.
warn: removing resource com.tonychat.messenger:string/Users_few without required default value.
warn: removing resource com.tonychat.messenger:string/Users_many without required default value.
warn: removing resource com.tonychat.messenger:string/Users_two without required default value.
warn: removing resource com.tonychat.messenger:string/Users_zero without required default value.
warn: removing resource com.tonychat.messenger:string/VideoCaption without required default value.
warn: removing resource com.tonychat.messenger:string/VideoMessagesAutodownload without required default value.
warn: removing resource com.tonychat.messenger:string/VideoSavedToDownloadsHint without required default value.
warn: removing resource com.tonychat.messenger:string/VideosSavedHint_few without required default value.
warn: removing resource com.tonychat.messenger:string/VideosSavedHint_many without required default value.
warn: removing resource com.tonychat.messenger:string/VideosSavedHint_two without required default value.
warn: removing resource com.tonychat.messenger:string/VideosSavedHint_zero without required default value.
warn: removing resource com.tonychat.messenger:string/VideosSelected_few without required default value.
warn: removing resource com.tonychat.messenger:string/VideosSelected_many without required default value.
warn: removing resource com.tonychat.messenger:string/VideosSelected_two without required default value.
warn: removing resource com.tonychat.messenger:string/VideosSelected_zero without required default value.
warn: removing resource com.tonychat.messenger:string/Videos_few without required default value.
warn: removing resource com.tonychat.messenger:string/Videos_many without required default value.
warn: removing resource com.tonychat.messenger:string/Videos_two without required default value.
warn: removing resource com.tonychat.messenger:string/Videos_zero without required default value.
warn: removing resource com.tonychat.messenger:string/ViewDetails without required default value.
warn: removing resource com.tonychat.messenger:string/ViewReplies_few without required default value.
warn: removing resource com.tonychat.messenger:string/ViewReplies_many without required default value.
warn: removing resource com.tonychat.messenger:string/ViewReplies_two without required default value.
warn: removing resource com.tonychat.messenger:string/ViewReplies_zero without required default value.
warn: removing resource com.tonychat.messenger:string/ViewStats without required default value.
warn: removing resource com.tonychat.messenger:string/Views_few without required default value.
warn: removing resource com.tonychat.messenger:string/Views_many without required default value.
warn: removing resource com.tonychat.messenger:string/Views_two without required default value.
warn: removing resource com.tonychat.messenger:string/Views_zero without required default value.
warn: removing resource com.tonychat.messenger:string/Voice_few without required default value.
warn: removing resource com.tonychat.messenger:string/Voice_many without required default value.
warn: removing resource com.tonychat.messenger:string/Voice_two without required default value.
warn: removing resource com.tonychat.messenger:string/Voice_zero without required default value.
warn: removing resource com.tonychat.messenger:string/VoipAnsweringAsAccount without required default value.
warn: removing resource com.tonychat.messenger:string/VoipGroupEndedStartNew without required default value.
warn: removing resource com.tonychat.messenger:string/VoipGroupInvitedToVoiceChat without required default value.
warn: removing resource com.tonychat.messenger:string/VoipGroupJoinCall without required default value.
warn: removing resource com.tonychat.messenger:string/VoipGroupMuteMemberAlertText without required default value.
warn: removing resource com.tonychat.messenger:string/VoipGroupMuteMemberAlertTitle without required default value.
warn: removing resource com.tonychat.messenger:string/VoipGroupOpenGroup without required default value.
warn: removing resource com.tonychat.messenger:string/VoipGroupRemoveMemberAlertText without required default value.
warn: removing resource com.tonychat.messenger:string/VoipGroupRemoveMemberAlertTitle without required default value.
warn: removing resource com.tonychat.messenger:string/VoipGroupStartAs without required default value.
warn: removing resource com.tonychat.messenger:string/VoipGroupUnmute without required default value.
warn: removing resource com.tonychat.messenger:string/VoipGroupVolume without required default value.
warn: removing resource com.tonychat.messenger:string/VoipHangingUp without required default value.
warn: removing resource com.tonychat.messenger:string/VoipIncoming without required default value.
warn: removing resource com.tonychat.messenger:string/VoipMutedByAdminInfo without required default value.
warn: removing resource com.tonychat.messenger:string/VoipNeedMicCameraPermission without required default value.
warn: removing resource com.tonychat.messenger:string/VoipNeedMicPermission without required default value.
warn: removing resource com.tonychat.messenger:string/VoipVideoUnavailable without required default value.
warn: removing resource com.tonychat.messenger:string/Vote_few without required default value.
warn: removing resource com.tonychat.messenger:string/Vote_many without required default value.
warn: removing resource com.tonychat.messenger:string/Vote_two without required default value.
warn: removing resource com.tonychat.messenger:string/Vote_zero without required default value.
warn: removing resource com.tonychat.messenger:string/Weeks_few without required default value.
warn: removing resource com.tonychat.messenger:string/Weeks_many without required default value.
warn: removing resource com.tonychat.messenger:string/Weeks_two without required default value.
warn: removing resource com.tonychat.messenger:string/Weeks_zero without required default value.
warn: removing resource com.tonychat.messenger:string/WhoCanAddMembers without required default value.
warn: removing resource com.tonychat.messenger:string/WhoCanAddMembersAdmins without required default value.
warn: removing resource com.tonychat.messenger:string/WhoCanAddMembersAllMembers without required default value.
warn: removing resource com.tonychat.messenger:string/WiFiUsage without required default value.
warn: removing resource com.tonychat.messenger:string/WidgetPasscode without required default value.
warn: removing resource com.tonychat.messenger:string/WidgetPasscodeEnable without required default value.
warn: removing resource com.tonychat.messenger:string/WidgetPasscodeEnable2 without required default value.
warn: removing resource com.tonychat.messenger:string/Years_few without required default value.
warn: removing resource com.tonychat.messenger:string/Years_many without required default value.
warn: removing resource com.tonychat.messenger:string/Years_two without required default value.
warn: removing resource com.tonychat.messenger:string/Years_zero without required default value.
warn: removing resource com.tonychat.messenger:string/YourEmailCode without required default value.
warn: removing resource com.tonychat.messenger:string/YourEmailCodeInfo without required default value.
warn: removing resource com.tonychat.messenger:string/YourPasswordSuccessText without required default value.
warn: removing resource com.tonychat.messenger:string/_tg_cancel without required default value.
warn: removing resource com.tonychat.messenger:string/_tg_open_google_play without required default value.
warn: removing resource com.tonychat.messenger:string/disableDoubleTabReactions without required default value.
warn: removing resource com.tonychat.messenger:string/download_telegram_text without required default value.
warn: removing resource com.tonychat.messenger:string/formatDateScheduleDay without required default value.
warn: removing resource com.tonychat.messenger:string/formatterMonthName without required default value.
warn: removing resource com.tonychat.messenger:string/formatterMonthYear2 without required default value.
warn: removing resource com.tonychat.messenger:string/items_few without required default value.
warn: removing resource com.tonychat.messenger:string/items_many without required default value.
warn: removing resource com.tonychat.messenger:string/items_two without required default value.
warn: removing resource com.tonychat.messenger:string/items_zero without required default value.
warn: removing resource com.tonychat.messenger:string/login_with_telegram without required default value.
warn: removing resource com.tonychat.messenger:string/messages_few without required default value.
warn: removing resource com.tonychat.messenger:string/messages_many without required default value.
warn: removing resource com.tonychat.messenger:string/messages_two without required default value.
warn: removing resource com.tonychat.messenger:string/messages_zero without required default value.
warn: removing resource com.tonychat.messenger:string/telegram_passport without required default value.

> Task :TMessagesProj:processReleaseResources

> Task :TMessagesProj:kaptGenerateStubsReleaseKotlin
w: Support for language version 2.0+ in kapt is in Alpha and must be enabled explicitly. Falling back to 1.9.

> Task :TMessagesProj:kaptReleaseKotlin
> Task :TMessagesProj:compileReleaseKotlin

> Task :TMessagesProj:compileReleaseJavaWithJavac
/Users/pu/Documents/Playground/Tony Chat/android/TMessagesProj/src/main/java/org/telegram/ui/ChatActivity.java:2688: error: getMessageHelper() in ChatActivity cannot override getMessageHelper() in BaseFragment
    private MessageHelper getMessageHelper() {
                          ^
  attempting to assign weaker access privileges; was public
/Users/pu/Documents/Playground/Tony Chat/android/TMessagesProj/src/main/java/org/telegram/ui/DialogsActivity.java:5346: error: cannot find symbol
                BackButtonMenuRecent.show(currentAccount, this, backButton);
                                    ^
  symbol:   method show(int,DialogsActivity,View)
  location: class BackButtonMenuRecent
/Users/pu/Documents/Playground/Tony Chat/android/TMessagesProj/src/main/java/org/telegram/messenger/MediaDataController.java:3369: error: cannot find symbol
            PinnedStickerHelper.getInstance(currentAccount).removePinnedStickerLocal(stickerSet.id);
                                                           ^
  symbol:   method removePinnedStickerLocal(long)
  location: class PinnedStickerHelper
/Users/pu/Documents/Playground/Tony Chat/android/TMessagesProj/src/main/java/org/telegram/tgnet/ConnectionsManager.java:997: error: cannot find symbol
                native_onHostNameResolved(hostName, address, addr, ProxyUtil.isIpv6Address(addr));
                                                                            ^
  symbol:   method isIpv6Address(String)
  location: class ProxyUtil
/Users/pu/Documents/Playground/Tony Chat/android/TMessagesProj/src/main/java/org/telegram/tgnet/ConnectionsManager.java:1286: error: cannot find symbol
                result = DnsFactory.lookup(currentHostName);
                                   ^
  symbol:   method lookup(String)
  location: class DnsFactory
/Users/pu/Documents/Playground/Tony Chat/android/TMessagesProj/src/main/java/org/telegram/tgnet/ConnectionsManager.java:1301: error: cannot find symbol
                    native_onHostNameResolved(currentHostName, addresses.get(a), address, ProxyUtil.isIpv6Address(address));
                                                                                                   ^
  symbol:   method isIpv6Address(String)
  location: class ProxyUtil
/Users/pu/Documents/Playground/Tony Chat/android/TMessagesProj/src/main/java/org/telegram/tgnet/ConnectionsManager.java:1326: error: cannot find symbol
                List<String> arrayList = DnsFactory.getTxts(domain);
                                                   ^
  symbol:   method getTxts(String)
  location: class DnsFactory
/Users/pu/Documents/Playground/Tony Chat/android/TMessagesProj/src/main/java/org/telegram/ui/CacheControlActivity.java:1105: error: cannot find symbol
                EmojiHelper.getInstance().deleteAll();
                                         ^
  symbol:   method deleteAll()
  location: class EmojiHelper
/Users/pu/Documents/Playground/Tony Chat/android/TMessagesProj/src/main/java/org/telegram/ui/LaunchActivity.java:7307: error: cannot find symbol
            if (SharedConfig.isProxyEnabled() && ProxyUtil.isVPNEnabled()) {
                                                          ^
  symbol:   method isVPNEnabled()
  location: class ProxyUtil
/Users/pu/Documents/Playground/Tony Chat/android/TMessagesProj/src/main/java/org/telegram/ui/LaunchActivity.java:7309: error: cannot find symbol
            } else if (!ProxyUtil.isVPNEnabled()) {
                                 ^
  symbol:   method isVPNEnabled()
  location: class ProxyUtil
/Users/pu/Documents/Playground/Tony Chat/android/TMessagesProj/src/main/java/org/telegram/ui/ContentPreviewViewer.java:622: error: incompatible types: Document cannot be converted to Runnable
                            MessageHelper.getInstance(currentAccount).saveStickerToGallery(parentActivity, currentDocument);
                                                                                                           ^
/Users/pu/Documents/Playground/Tony Chat/android/TMessagesProj/src/main/java/org/telegram/messenger/Emoji.java:154: error: cannot find symbol
                    EmojiHelper.drawEmojiFont(
                               ^
  symbol:   method drawEmojiFont(Canvas,int,int,Typeface,String,int)
  location: class EmojiHelper
/Users/pu/Documents/Playground/Tony Chat/android/TMessagesProj/src/main/java/org/telegram/messenger/ChatObject.java:2501: error: cannot find symbol
        if (chat != null && DialogConfig.hasCustomForumTabsConfig(-chat.id)) {
                                        ^
  symbol:   method hasCustomForumTabsConfig(long)
  location: class DialogConfig
/Users/pu/Documents/Playground/Tony Chat/android/TMessagesProj/src/main/java/org/telegram/messenger/ChatObject.java:2502: error: cannot find symbol
            return DialogConfig.isCustomForumTabsEnable(-chat.id);
                               ^
  symbol:   method isCustomForumTabsEnable(long)
  location: class DialogConfig
/Users/pu/Documents/Playground/Tony Chat/android/TMessagesProj/src/main/java/org/telegram/ui/ProfileActivity.java:7473: error: cannot find symbol
            builder.addItem(LocaleController.getString(R.string.ShareSendTo), R.drawable.msg_share, __ -> {
            ^
  symbol:   variable builder
  location: class ProfileActivity
/Users/pu/Documents/Playground/Tony Chat/android/TMessagesProj/src/main/java/org/telegram/ui/ProfileActivity.java:7487: error: cannot find symbol
            builder.show();
            ^
  symbol:   variable builder
  location: class ProfileActivity
/Users/pu/Documents/Playground/Tony Chat/android/TMessagesProj/src/main/java/org/telegram/ui/ProfileActivity.java:12352: error: cannot find symbol
                    createAutoTranslateItem(userId);
                    ^
  symbol:   method createAutoTranslateItem(long)
  location: class ProfileActivity
/Users/pu/Documents/Playground/Tony Chat/android/TMessagesProj/src/main/java/org/telegram/ui/ProfileActivity.java:12353: error: cannot find symbol
                    createShareTargetItem(userId);
                    ^
  symbol:   method createShareTargetItem(long)
  location: class ProfileActivity
/Users/pu/Documents/Playground/Tony Chat/android/TMessagesProj/src/main/java/org/telegram/ui/ProfileActivity.java:12354: error: cannot find symbol
                    createMessageFilterItem();
                    ^
  symbol:   method createMessageFilterItem()
  location: class ProfileActivity
/Users/pu/Documents/Playground/Tony Chat/android/TMessagesProj/src/main/java/org/telegram/ui/ProfileActivity.java:13175: error: cannot find symbol
                    AlertUtil.showToast(e);
                    ^
  symbol:   variable AlertUtil
  location: class ProfileActivity
/Users/pu/Documents/Playground/Tony Chat/android/TMessagesProj/src/main/java/org/telegram/ui/FilterCreateActivity.java:938: error: cannot find symbol
        var result = FolderIconHelper.getEmoticonFromFlags(flags);
                                     ^
  symbol:   method getEmoticonFromFlags(int)
  location: class FolderIconHelper
/Users/pu/Documents/Playground/Tony Chat/android/TMessagesProj/src/main/java/org/telegram/ui/FilterCreateActivity.java:1478: error: no suitable method found for show(FilterCreateActivity,(emoticon)[...]e); })
                    cell.setOnChangeIcon(mContext, view1 -> IconSelectorAlert.show(FilterCreateActivity.this, (emoticon) -> {
                                                                             ^
    method IconSelectorAlert.show(BaseFragment,String,Object) is not applicable
      (actual and formal argument lists differ in length)
    method IconSelectorAlert.show() is not applicable
      (actual and formal argument lists differ in length)
/Users/pu/Documents/Playground/Tony Chat/android/TMessagesProj/src/main/java/org/telegram/ui/Adapters/MentionsAdapter.java:1014: error: cannot find symbol
        var inlineBot = InlineBotRulesHelper.getInstance().doRegex(text);
                                            ^
  symbol:   method getInstance()
  location: class InlineBotRulesHelper
/Users/pu/Documents/Playground/Tony Chat/android/TMessagesProj/src/main/java/org/telegram/ui/Cells/LanguageCell.java:94: error: cannot find symbol
        StrUtil.setText(fragment, textView, desc != null ? desc : language.name);
               ^
  symbol:   method setText(BaseFragment,TextView,desc != nu[...].name)
  location: class StrUtil
/Users/pu/Documents/Playground/Tony Chat/android/TMessagesProj/src/main/java/org/telegram/ui/Cells/LanguageCell.java:95: error: cannot find symbol
        StrUtil.setText(fragment, textView2, language.nameEnglish);
               ^
  symbol:   method setText(BaseFragment,TextView,String)
  location: class StrUtil
/Users/pu/Documents/Playground/Tony Chat/android/TMessagesProj/src/main/java/org/telegram/ui/PeerColorActivity.java:1802: error: cannot find symbol
            LocalPeerColorHelper.apply(namePage.selectedColor, namePage.selectedEmoji, profilePage.selectedColor, profilePage.selectedEmoji);
                                ^
  symbol:   method apply(int,long,int,long)
  location: class LocalPeerColorHelper
/Users/pu/Documents/Playground/Tony Chat/android/TMessagesProj/src/main/java/org/telegram/ui/ProxyListActivity.java:472: error: cannot find symbol
        otherItem.addSubItem(na_menu_add_import_from_clipboard, LocaleController.getString("ImportProxyFromClipboard", R.string.ImportProxyFromClipboard)).setOnClickListener((v) -> ProxyUtil.importFromClipboard(getParentActivity()));
                                                                                                                                                                                              ^
  symbol:   method importFromClipboard(Activity)
  location: class ProxyUtil
/Users/pu/Documents/Playground/Tony Chat/android/TMessagesProj/src/main/java/org/telegram/ui/FiltersSetupActivity.java:1019: error: cannot find symbol
                        filter.emoticon = TextUtils.isEmpty(suggested.filter.emoticon) ? FolderIconHelper.getEmoticonFromFlags(filter.flags).second : suggested.filter.emoticon;
                                                                                                         ^
  symbol:   method getEmoticonFromFlags(int)
  location: class FolderIconHelper
/Users/pu/Documents/Playground/Tony Chat/android/TMessagesProj/src/main/java/org/telegram/ui/DataSettingsActivity.java:479: error: cannot find symbol
                builder.addRadioItems(EnvUtil.getAvailableDirectories(),
                                             ^
  symbol:   method getAvailableDirectories()
  location: class EnvUtil
/Users/pu/Documents/Playground/Tony Chat/android/TMessagesProj/src/main/java/org/telegram/ui/DataSettingsActivity.java:490: error: cannot find symbol
                builder.addOkButton((it) -> {
                       ^
  symbol:   method addOkButton((it)->{ if[...]CE; })
  location: variable builder of type BottomBuilder
/Users/pu/Documents/Playground/Tony Chat/android/TMessagesProj/src/main/java/org/telegram/ui/DataSettingsActivity.java:494: error: cannot find symbol
                        NekoConfig.cachePath.setConfigString(target.get());
                                  ^
  symbol:   variable cachePath
  location: class NekoConfig
/Users/pu/Documents/Playground/Tony Chat/android/TMessagesProj/src/main/java/org/telegram/ui/DatabaseMigrationHint.java:84: error: cannot find symbol
                    NekoConfig.cachePath.setConfigString(EnvUtil.getAvailableDirectories()[2]);
                                                                ^
  symbol:   method getAvailableDirectories()
  location: class EnvUtil
/Users/pu/Documents/Playground/Tony Chat/android/TMessagesProj/src/main/java/org/telegram/ui/DatabaseMigrationHint.java:84: error: cannot find symbol
                    NekoConfig.cachePath.setConfigString(EnvUtil.getAvailableDirectories()[2]);
                              ^
  symbol:   variable cachePath
  location: class NekoConfig
/Users/pu/Documents/Playground/Tony Chat/android/TMessagesProj/src/main/java/org/telegram/ui/ThemeActivity.java:1364: error: cannot find symbol
                    Dialogs.createNeedChangeNekoSettingsAlert(getContext());
                           ^
  symbol:   method createNeedChangeNekoSettingsAlert(Context)
  location: class Dialogs
/Users/pu/Documents/Playground/Tony Chat/android/TMessagesProj/src/main/java/org/telegram/ui/LoginActivity.java:1823: error: cannot find symbol
        BackButtonMenuRecent.clearRecentDialogs(currentAccount);
                            ^
  symbol:   method clearRecentDialogs(int)
  location: class BackButtonMenuRecent
/Users/pu/Documents/Playground/Tony Chat/android/TMessagesProj/src/main/java/org/telegram/ui/LoginActivity.java:3360: error: cannot find symbol
                sendCode.api_hash = NekoXConfig.currentAppHash();
                                               ^
  symbol:   method currentAppHash()
  location: class NekoXConfig
/Users/pu/Documents/Playground/Tony Chat/android/TMessagesProj/src/main/java/org/telegram/ui/LoginActivity.java:9063: error: cannot find symbol
            req.api_hash = NekoXConfig.currentAppHash();
                                      ^
  symbol:   method currentAppHash()
  location: class NekoXConfig
/Users/pu/Documents/Playground/Tony Chat/android/TMessagesProj/src/main/java/org/telegram/ui/LoginActivity.java:10594: error: cannot find symbol
            exportLoginTokenRequest.api_hash = NekoXConfig.currentAppHash();
                                                          ^
  symbol:   method currentAppHash()
  location: class NekoXConfig
/Users/pu/Documents/Playground/Tony Chat/android/TMessagesProj/src/main/java/org/telegram/ui/StickersActivity.java:1461: error: cannot find symbol
                                options.add(R.drawable.msg_pin, PinnedStickerHelper.getInstance(currentAccount).isPinned(stickerSet.set.id) ?
                                                                ^
  symbol:   variable PinnedStickerHelper
  location: class StickersActivity.ListAdapter
/Users/pu/Documents/Playground/Tony Chat/android/TMessagesProj/src/main/java/org/telegram/ui/PasscodeActivity.java:1039: error: cannot find symbol
                PasscodeHelper.setPasscodeForAccount(firstPassword, account);
                              ^
  symbol:   method setPasscodeForAccount(String,int)
  location: class PasscodeHelper
/Users/pu/Documents/Playground/Tony Chat/android/TMessagesProj/src/main/java/org/telegram/messenger/PasskeysController.java:184: error: cannot find symbol
        req.api_hash = NekoXConfig.currentAppHash();
                                  ^
  symbol:   method currentAppHash()
  location: class NekoXConfig
/Users/pu/Documents/Playground/Tony Chat/android/TMessagesProj/src/main/java/org/telegram/messenger/ChatThemeController.java:376: error: cannot find symbol
        TLRPC.WallPaper info = WallpaperHelper.getInstance().getDialogWallpaper(dialogId);
                                                            ^
  symbol:   method getDialogWallpaper(long)
  location: class WallpaperHelper
/Users/pu/Documents/Playground/Tony Chat/android/TMessagesProj/src/main/java/org/telegram/messenger/NativeLoader.java:66: error: cannot find symbol
            System.loadLibrary(FileUtil.extLib(LIB_NAME).getPath());
                                                        ^
  symbol:   method getPath()
  location: class String
/Users/pu/Documents/Playground/Tony Chat/android/TMessagesProj/src/main/java/org/telegram/messenger/ApplicationLoader.java:357: error: cannot find symbol
        Utilities.stageQueue.postRunnable(() -> SignturesKt.checkMT(this));
                                                           ^
  symbol:   method checkMT(ApplicationLoader)
  location: class SignturesKt
Note: Some input files use or override a deprecated API.
Note: Recompile with -Xlint:deprecation for details.
Note: Some input files use unchecked or unsafe operations.
Note: Recompile with -Xlint:unchecked for details.
Note: Some messages have been simplified; recompile with -Xdiags:verbose to get full output
44 errors

> Task :TMessagesProj:compileReleaseJavaWithJavac FAILED

FAILURE: Build failed with an exception.

* What went wrong:
Execution failed for task ':TMessagesProj:compileReleaseJavaWithJavac'.
> Compilation failed; see the compiler error output for details.

* Try:
> Run with --info option to get more log output.
> Run with --scan to get full insights.

BUILD FAILED in 47s
51 actionable tasks: 8 executed, 43 up-to-date
